table_create Substitutions TABLE_PAT_KEY ShortText
[[0,0.0,0.0],true]
column_create Substitutions substituted COLUMN_SCALAR ShortText
[[0,0.0,0.0],true]
load --table Substitutions
[
{"_key": "a", "substituted": "AAA"},
{"_key": "b", "substituted": "BBB"},
{"_key": "c", "substituted": "CCC"},
{"_key": "d", "substituted": "DDD"},
{"_key": "e", "substituted": "EEE"}
]
[[0,0.0,0.0],5]
table_create Entries TABLE_NO_KEY
[[0,0.0,0.0],true]
column_create Entries body COLUMN_SCALAR ShortText
[[0,0.0,0.0],true]
table_create Terms TABLE_PAT_KEY ShortText   --default_tokenizer 'TokenNgram("report_source_location", true)'   --normalizer 'NormalizerTable("column", "Substitutions.substituted",                                 "report_source_offset", true)'
[[0,0.0,0.0],true]
column_create Terms document_index COLUMN_INDEX|WITH_POSITION Entries body
[[0,0.0,0.0],true]
load --table Entries
[
{"body": ".a.b.c.d.e."}
]
[[0,0.0,0.0],1]
select Entries   --match_columns body   --query 'CCC'   --output_columns 'highlight_html(body, Terms)'
[
  [
    0,
    0.0,
    0.0
  ],
  [
    [
      [
        1
      ],
      [
        [
          "highlight_html",
          null
        ]
      ],
      [
        ".a.b.<span class=\"keyword\">c</span>.d.e."
      ]
    ]
  ]
]
