table_create Normalizations TABLE_PAT_KEY ShortText
[[0,0.0,0.0],true]
column_create Normalizations normalized COLUMN_SCALAR ShortText
[[0,0.0,0.0],true]
load --table Normalizations
[
{"_key": "a", "normalized": "<A>"},
{"_key": "b", "normalized": "<B>"},
{"_key": "c", "normalized": "<C>"},
{"_key": "d", "normalized": "<D>"},
{"_key": "e", "normalized": "<E>"},
{"_key": "f", "normalized": "<F>"},
{"_key": "g", "normalized": "<G>"},
{"_key": "h", "normalized": "<H>"},
{"_key": "i", "normalized": "<I>"},
{"_key": "j", "normalized": "<J>"},
{"_key": "k", "normalized": "<K>"},
{"_key": "l", "normalized": "<L>"},
{"_key": "m", "normalized": "<M>"},
{"_key": "n", "normalized": "<N>"},
{"_key": "o", "normalized": "<O>"},
{"_key": "p", "normalized": "<P>"},
{"_key": "q", "normalized": "<Q>"},
{"_key": "r", "normalized": "<R>"},
{"_key": "s", "normalized": "<S>"},
{"_key": "t", "normalized": "<T>"},
{"_key": "u", "normalized": "<U>"},
{"_key": "v", "normalized": "<V>"},
{"_key": "w", "normalized": "<W>"},
{"_key": "x", "normalized": "<X>"},
{"_key": "y", "normalized": "<Y>"},
{"_key": "z", "normalized": "<Z>"}
]
[[0,0.0,0.0],26]
normalize   'NormalizerTable("normalized", "Normalizations.normalized")'   ".a.b.c.d.e.f.g.h.i.j.k.l.m.n.o.p.q.r.s.t.u.v.w.x.y.z."
[
  [
    0,
    0.0,
    0.0
  ],
  {
    "normalized": ".<A>.<B>.<C>.<D>.<E>.<F>.<G>.<H>.<I>.<J>.<K>.<L>.<M>.<N>.<O>.<P>.<Q>.<R>.<S>.<T>.<U>.<V>.<W>.<X>.<Y>.<Z>.",
    "types": [

    ],
    "checks": [

    ]
  }
]
