table_create Memos TABLE_NO_KEY
[[0,0.0,0.0],true]
column_create Memos id COLUMN_SCALAR Int32
[[0,0.0,0.0],true]
column_create Memos text COLUMN_SCALAR Text
[[0,0.0,0.0],true]
table_create IDs TABLE_PAT_KEY Int32
[[0,0.0,0.0],true]
column_create IDs memos_id COLUMN_INDEX Memos id
[[0,0.0,0.0],true]
load --table Memos
[
{"id":   0, "text": "aaa"},
{"id":   1, "text": "aab"},
{"id":   2, "text": "aac"},
{"id":   3, "text": "aad"},
{"id":   4, "text": "aae"},
{"id":   5, "text": "aaf"},
{"id":   6, "text": "aag"},
{"id":   7, "text": "aah"},
{"id":   8, "text": "aai"},
{"id":   9, "text": "aaj"},
{"id":  10, "text": "aak"},
{"id":  11, "text": "aal"},
{"id":  12, "text": "aam"},
{"id":  13, "text": "aan"},
{"id":  14, "text": "aao"},
{"id":  15, "text": "aap"},
{"id":  16, "text": "aaq"},
{"id":  17, "text": "aar"},
{"id":  18, "text": "aas"},
{"id":  19, "text": "aat"},
{"id":  20, "text": "aau"},
{"id":  21, "text": "aav"},
{"id":  22, "text": "aaw"},
{"id":  23, "text": "aax"},
{"id":  24, "text": "aay"},
{"id":  25, "text": "aaz"},
{"id":  26, "text": "aba"},
{"id":  27, "text": "abb"},
{"id":  28, "text": "abc"},
{"id":  29, "text": "abd"},
{"id":  30, "text": "abe"},
{"id":  31, "text": "abf"},
{"id":  32, "text": "abg"},
{"id":  33, "text": "abh"},
{"id":  34, "text": "abi"},
{"id":  35, "text": "abj"},
{"id":  36, "text": "abk"},
{"id":  37, "text": "abl"},
{"id":  38, "text": "abm"},
{"id":  39, "text": "abn"},
{"id":  40, "text": "abo"},
{"id":  41, "text": "abp"},
{"id":  42, "text": "abq"},
{"id":  43, "text": "abr"},
{"id":  44, "text": "abs"},
{"id":  45, "text": "abt"},
{"id":  46, "text": "abu"},
{"id":  47, "text": "abv"},
{"id":  48, "text": "abw"},
{"id":  49, "text": "abx"},
{"id":  50, "text": "aby"},
{"id":  51, "text": "abz"},
{"id":  52, "text": "aca"},
{"id":  53, "text": "acb"},
{"id":  54, "text": "acc"},
{"id":  55, "text": "acd"},
{"id":  56, "text": "ace"},
{"id":  57, "text": "acf"},
{"id":  58, "text": "acg"},
{"id":  59, "text": "ach"},
{"id":  60, "text": "aci"},
{"id":  61, "text": "acj"},
{"id":  62, "text": "ack"},
{"id":  63, "text": "acl"},
{"id":  64, "text": "acm"},
{"id":  65, "text": "acn"},
{"id":  66, "text": "aco"},
{"id":  67, "text": "acp"},
{"id":  68, "text": "acq"},
{"id":  69, "text": "acr"},
{"id":  70, "text": "acs"},
{"id":  71, "text": "act"},
{"id":  72, "text": "acu"},
{"id":  73, "text": "acv"},
{"id":  74, "text": "acw"},
{"id":  75, "text": "acx"},
{"id":  76, "text": "acy"},
{"id":  77, "text": "acz"},
{"id":  78, "text": "ada"},
{"id":  79, "text": "adb"},
{"id":  80, "text": "adc"},
{"id":  81, "text": "add"},
{"id":  82, "text": "ade"},
{"id":  83, "text": "adf"},
{"id":  84, "text": "adg"},
{"id":  85, "text": "adh"},
{"id":  86, "text": "adi"},
{"id":  87, "text": "adj"},
{"id":  88, "text": "adk"},
{"id":  89, "text": "adl"},
{"id":  90, "text": "adm"},
{"id":  91, "text": "adn"},
{"id":  92, "text": "ado"},
{"id":  93, "text": "adp"},
{"id":  94, "text": "adq"},
{"id":  95, "text": "adr"},
{"id":  96, "text": "ads"},
{"id":  97, "text": "adt"},
{"id":  98, "text": "adu"},
{"id":  99, "text": "adv"}
]
[[0,0.0,0.0],100]
range_filter Memos id   --min 20 --min_border include   --max 50 --max_border exclude   --offset 0   --limit 10   --filter 'text @ "b"'   --output_columns 'id,text'
[
  [
    0,
    0.0,
    0.0
  ],
  [
    [
      [
        "id",
        "Int32"
      ],
      [
        "text",
        "Text"
      ]
    ],
    [
      26,
      "aba"
    ],
    [
      27,
      "abb"
    ],
    [
      28,
      "abc"
    ],
    [
      29,
      "abd"
    ],
    [
      30,
      "abe"
    ],
    [
      31,
      "abf"
    ],
    [
      32,
      "abg"
    ],
    [
      33,
      "abh"
    ],
    [
      34,
      "abi"
    ],
    [
      35,
      "abj"
    ]
  ]
]
