table_create Lexicon TABLE_PAT_KEY ShortText   --default_tokenizer TokenRegexp   --normalizer NormalizerAuto
[[0,0.0,0.0],true]
table_tokenize Lexicon "abc\nd" --mode ADD
[
  [
    0,
    0.0,
    0.0
  ],
  [
    {
      "value": "￯",
      "position": 0
    },
    {
      "value": "ab",
      "position": 1
    },
    {
      "value": "bc",
      "position": 2
    },
    {
      "value": "c",
      "position": 3
    },
    {
      "value": "d",
      "position": 5
    },
    {
      "value": "￰",
      "position": 6
    }
  ]
]
table_tokenize Lexicon "abc\nd" --mode GET
[
  [
    0,
    0.0,
    0.0
  ],
  [
    {
      "value": "ab",
      "position": 0
    },
    {
      "value": "bc",
      "position": 1
    },
    {
      "value": "d",
      "position": 3
    }
  ]
]
