tokenize TokenTrigram "ABCだ" NormalizerAuto --mode GET
[
  [
    0,
    0.0,
    0.0
  ],
  [
    {
      "value": "abc",
      "position": 0,
      "force_prefix": false,
      "force_prefix_search": false
    },
    {
      "value": "だ",
      "position": 1,
      "force_prefix": true,
      "force_prefix_search": true
    }
  ]
]
