table_create Entries TABLE_PAT_KEY ShortText
[[0,0.0,0.0],true]
column_create Entries content COLUMN_SCALAR Text
[[0,0.0,0.0],true]
table_create Terms TABLE_PAT_KEY|KEY_NORMALIZE ShortText --default_tokenizer TokenBigram
[[0,0.0,0.0],true]
column_create Terms entries_content_index COLUMN_INDEX|WITH_POSITION Entries content
[[0,0.0,0.0],true]
load --table Entries
[
{"_key":    "The first post!",
 "content": "Welcome! This is my first post!"},
{"_key":    "Groonga",
 "content": "I started to use groonga. It's very fast!"},
{"_key":    "Mroonga",
 "content": "I also started to use mroonga. It's also very fast! Really fast!"},
{"_key":    "Good-bye Senna",
 "content": "I migrated all Senna system!"},
{"_key":    "Good-bye Tritonn",
 "content": "I also migrated all Tritonn system!"}
]
[[0,0.0,0.0],5]
select Entries   --output_columns '_key,content,_score'   --match_columns content --query '-fast'   --query_flags ALLOW_LEADING_NOT   --sort_keys _key
[
  [
    0,
    0.0,
    0.0
  ],
  [
    [
      [
        3
      ],
      [
        [
          "_key",
          "ShortText"
        ],
        [
          "content",
          "Text"
        ],
        [
          "_score",
          "Int32"
        ]
      ],
      [
        "Good-bye Senna",
        "I migrated all Senna system!",
        1
      ],
      [
        "Good-bye Tritonn",
        "I also migrated all Tritonn system!",
        1
      ],
      [
        "The first post!",
        "Welcome! This is my first post!",
        1
      ]
    ]
  ]
]
