table_create Tags TABLE_PAT_KEY ShortText --normalizer NormalizerAuto
[[0,0.0,0.0],true]
table_create Memos TABLE_NO_KEY
[[0,0.0,0.0],true]
column_create Memos tags COLUMN_VECTOR Tags
[[0,0.0,0.0],true]
load --table Memos
[
{"tags": ["Groonga", "Rroonga",  "Mroonga"]},
{"tags": ["Groonga", "PGroonga", "Mroonga"]}
]
[[0,0.0,0.0],2]
select Memos --filter 'tags @~ "\\\\Apgr"'
[
  [
    0,
    0.0,
    0.0
  ],
  [
    [
      [
        1
      ],
      [
        [
          "_id",
          "UInt32"
        ],
        [
          "tags",
          "Tags"
        ]
      ],
      [
        2,
        [
          "groonga",
          "pgroonga",
          "mroonga"
        ]
      ]
    ]
  ]
]
