table_create Data TABLE_NO_KEY
[[0,0.0,0.0],true]
column_create Data text COLUMN_SCALAR ShortText
[[0,0.0,0.0],true]
load --table Data
[
{"text":"x"},
{"text":"x"}
]
[[0,0.0,0.0],2]
select Data   --drilldowns[texts].keys text,text   --drilldowns[texts].output_columns _value.text,_nsubrecs
[
  [
    0,
    0.0,
    0.0
  ],
  [
    [
      [
        2
      ],
      [
        [
          "_id",
          "UInt32"
        ],
        [
          "text",
          "ShortText"
        ]
      ],
      [
        1,
        "x"
      ],
      [
        2,
        "x"
      ]
    ],
    {
      "texts": [
        [
          1
        ],
        [
          [
            "text",
            "ShortText"
          ],
          [
            "_nsubrecs",
            "Int32"
          ]
        ],
        [
          "x",
          2
        ]
      ]
    }
  ]
]
