table_create Products TABLE_NO_KEY
[[0,0.0,0.0],true]
column_create Products name COLUMN_SCALAR ShortText
[[0,0.0,0.0],true]
load --table Products
[
["name"],
["Groonga"],
["Mroonga"],
["Rroonga"],
["PGroonga"],
["Ruby"],
["PostgreSQL"]
]
[[0,0.0,0.0],6]
select   --table Products   --filter 'query("name", "r", {"unknown": "^"})'
[[[-22,0.0,0.0],"query(): unknown option name: <unknown>"]]
#|e| query(): unknown option name: <unknown>
