table_create Terms TABLE_PAT_KEY ShortText   --normalizer NormalizerNonexistent
[
  [
    [
      -22,
      0.0,
      0.0
    ],
    "[table][create][Terms] failed to set normalizer: <NormalizerNonexistent>: [info][set][normalizer][Terms] unknown normalizer: <N"
  ],
  false
]
#|e| [info][set][normalizer][Terms] unknown normalizer: <NormalizerNonexistent>
#|e| [table][create][Terms] failed to set normalizer: <NormalizerNonexistent>: [info][set][normalizer][Terms] unknown normalizer: <NormalizerNonexistent>
dump
