table_create Records TABLE_NO_KEY
[[0,0.0,0.0],true]
column_create Records short_text COLUMN_SCALAR ShortText
[[0,0.0,0.0],true]
column_create Records text COLUMN_SCALAR Text
[[0,0.0,0.0],true]
load --table Records
[
{"short_text": "a", "text": "b"}
]
[[0,0.0,0.0],1]
log_level --level debug
[[0,0.0,0.0],true]
select Records   --match_columns 'short_text || text'   --query 'a OR b'
[
  [
    0,
    0.0,
    0.0
  ],
  [
    [
      [
        0
      ],
      [
        [
          "_id",
          "UInt32"
        ],
        [
          "short_text",
          "ShortText"
        ],
        [
          "text",
          "Text"
        ]
      ]
    ]
  ]
]
log_level --level notice
[[0,0.0,0.0],true]
