table_create Tags TABLE_HASH_KEY ShortText --default_tokenizer TokenDelimit
[[0,0.0,0.0],true]
table_create Data TABLE_NO_KEY
[[0,0.0,0.0],true]
column_create Data tags COLUMN_VECTOR|MISSING_IGNORE|INVALID_IGNORE Tags
[[0,0.0,0.0],true]
load --table Tags
[
{"_key": "existent"}
]
[[0,0.0,0.0],1]
load --table Data
[
{"tags": "existent nonexistent existent"}
]
[[0,0.0,0.0],1]
dump
table_create Data TABLE_NO_KEY

table_create Tags TABLE_HASH_KEY ShortText --default_tokenizer TokenDelimit

column_create Data tags COLUMN_VECTOR|MISSING_IGNORE|INVALID_IGNORE Tags

load --table Tags
[
["_key"],
["existent"]
]

load --table Data
[
["_id","tags"],
[1,["existent","existent"]]
]
