table_create Shops TABLE_HASH_KEY ShortText
[[0,0.0,0.0],true]
column_create Shops location COLUMN_SCALAR WGS84GeoPoint
[[0,0.0,0.0],true]
load --table Shops
[
{"_key": "Statue of Liberty", "location": "40.689167x648000001"}
]
[[0,0.0,0.0],1]
#|e| <Shops.location>: failed to cast to <WGS84GeoPoint>: <"40.689167x648000001">
#|e| [table][load] failed to set column value: <Shops.location>: failed to cast to <WGS84GeoPoint>: <"40.689167x648000001">: key: <"Statue of Liberty">, column: <location>, value: <"40.689167x648000001">
