table_create Users TABLE_PAT_KEY ShortText
[[0,0.0,0.0],true]
column_create Users name COLUMN_SCALAR ShortText
[[0,0.0,0.0],true]
table_create Memos TABLE_PAT_KEY ShortText
[[0,0.0,0.0],true]
column_create Memos owner COLUMN_SCALAR Users
[[0,0.0,0.0],true]
column_create Memos title COLUMN_SCALAR ShortText
[[0,0.0,0.0],true]
column_create Memos content COLUMN_SCALAR Text
[[0,0.0,0.0],true]
table_create Terms TABLE_PAT_KEY ShortText --default_tokenizer TokenBigram
[[0,0.0,0.0],true]
column_create Terms users_name COLUMN_INDEX|WITH_SECTION|WITH_POSITION   Users name
[[0,0.0,0.0],true]
column_create Terms memos_title COLUMN_INDEX|WITH_SECTION|WITH_POSITION   Memos title
[[0,0.0,0.0],true]
column_create Terms memos_content COLUMN_INDEX|WITH_SECTION|WITH_POSITION   Memos content
[[0,0.0,0.0],true]
column_create Users memos COLUMN_INDEX Memos owner
[[0,0.0,0.0],true]
load --table Users
[
{"_key": "alice",  "name": "Alice"},
{"_key": "bob",    "name": "Bob"},
{"_key": "carlos", "name": "Carlos"}
]
[[0,0.0,0.0],3]
load --table Memos
[
{"_key": "alice1", "owner": "alice",
 "title": "Groonga", "content": "Groonga is full text search engine."},
{"_key": "alice2", "owner": "alice",
 "title": "Rroonga", "content": "Rroonga is the Ruby bindings of Groonga."},
{"_key": "bob1", "owner": "bob",
 "title": "Mroonga", "content": "Mroonga is a MySAL storage engine based on Groonga."}
]
[[0,0.0,0.0],3]
select Memos   --match_columns "title || owner.name || content"   --query "Alice Rroonga"   --output_columns '_key'
[[0,0.0,0.0],[[[1],[["_key","ShortText"]],["alice2"]]]]
