plugin_register sharding
[[0,0.0,0.0],true]
table_create Logs_20150203 TABLE_HASH_KEY ShortText
[[0,0.0,0.0],true]
column_create Logs_20150203 timestamp COLUMN_SCALAR Time
[[0,0.0,0.0],true]
column_create Logs_20150203 memo COLUMN_SCALAR ShortText
[[0,0.0,0.0],true]
table_create Logs_20150204 TABLE_HASH_KEY ShortText
[[0,0.0,0.0],true]
column_create Logs_20150204 timestamp COLUMN_SCALAR Time
[[0,0.0,0.0],true]
column_create Logs_20150204 memo COLUMN_SCALAR ShortText
[[0,0.0,0.0],true]
table_create Temp TABLE_HASH_KEY ShortText
[[0,0.0,0.0],true]
column_create Temp timestamp COLUMN_SCALAR Time
[[0,0.0,0.0],true]
column_create Temp memo COLUMN_SCALAR ShortText
[[0,0.0,0.0],true]
load --table Logs_20150203
[
{
  "_key":      "Groonga Logs",
  "timestamp": "2015-02-03 12:49:00",
  "memo":      "2015-02-03 12:49:00"
},
{
  "_key":      "Mroonga Logs",
  "timestamp": "2015-02-03 10:49:00",
  "memo":      "2015-02-03 10:49:00"
}
]
[[0,0.0,0.0],2]
load --table Logs_20150204
[
{
  "_key":      "Mroonga Logs",
  "timestamp": "2015-02-04 00:00:00",
  "memo":      "2015-02-04 00:00:00"
}
]
[[0,0.0,0.0],1]
logical_select   --logical_table Logs   --shard_key timestamp   --load_table Temp   --load_columns "memo, timestamp"   --load_values "timestamp, memo"
[
  [
    0,
    0.0,
    0.0
  ],
  [
    [
      [
        3
      ],
      [
        [
          "_id",
          "UInt32"
        ],
        [
          "_key",
          "ShortText"
        ],
        [
          "memo",
          "ShortText"
        ],
        [
          "timestamp",
          "Time"
        ]
      ],
      [
        1,
        "Groonga Logs",
        "2015-02-03 12:49:00",
        1422935340.0
      ],
      [
        2,
        "Mroonga Logs",
        "2015-02-03 10:49:00",
        1422928140.0
      ],
      [
        1,
        "Mroonga Logs",
        "2015-02-04 00:00:00",
        1422975600.0
      ]
    ]
  ]
]
select --table Temp
[
  [
    0,
    0.0,
    0.0
  ],
  [
    [
      [
        3
      ],
      [
        [
          "_id",
          "UInt32"
        ],
        [
          "_key",
          "ShortText"
        ],
        [
          "memo",
          "ShortText"
        ],
        [
          "timestamp",
          "Time"
        ]
      ],
      [
        1,
        "Logs_20150203_Groonga Logs",
        "2015-02-03 12:49:00",
        1422935340.0
      ],
      [
        2,
        "Logs_20150203_Mroonga Logs",
        "2015-02-03 10:49:00",
        1422928140.0
      ],
      [
        3,
        "Logs_20150204_Mroonga Logs",
        "2015-02-04 00:00:00",
        1422975600.0
      ]
    ]
  ]
]
