table_create --name Users --flags TABLE_PAT_KEY --key_type ShortText
[[0,0.0,0.0],true]
delete Users --filter '_key == "User000000000100"'
[[0,0.0,0.0],true]
delete Users --filter '_key == "User000000300000"'
[[0,0.0,0.0],true]
object_inspect Users
[
  [
    0,
    0.0,
    0.0
  ],
  {
    "id": 256,
    "name": "Users",
    "type": {
      "id": 49,
      "name": "table:pat_key"
    },
    "key": {
      "type": {
        "id": 14,
        "name": "ShortText",
        "type": {
          "id": 32,
          "name": "type"
        },
        "size": 4096
      },
      "total_size": 8000000,
      "max_total_size": 4294967294
    },
    "value": {
      "type": null
    },
    "n_records": 500002,
    "disk_usage": 0
  }
]
defrag
[[0,0.0,0.0],true]
object_inspect Users
[
  [
    0,
    0.0,
    0.0
  ],
  {
    "id": 256,
    "name": "Users",
    "type": {
      "id": 49,
      "name": "table:pat_key"
    },
    "key": {
      "type": {
        "id": 14,
        "name": "ShortText",
        "type": {
          "id": 32,
          "name": "type"
        },
        "size": 4096
      },
      "total_size": 7999968,
      "max_total_size": 4294967294
    },
    "value": {
      "type": null
    },
    "n_records": 500002,
    "disk_usage": 0
  }
]
select Users --filter '_key == "User000000262145"'
[
  [
    0,
    0.0,
    0.0
  ],
  [
    [
      [
        1
      ],
      [
        [
          "_id",
          "UInt32"
        ],
        [
          "_key",
          "ShortText"
        ]
      ],
      [
        262147,
        "User000000262145"
      ]
    ]
  ]
]
select Users --filter '_key == "User000000262146"'
[
  [
    0,
    0.0,
    0.0
  ],
  [
    [
      [
        1
      ],
      [
        [
          "_id",
          "UInt32"
        ],
        [
          "_key",
          "ShortText"
        ]
      ],
      [
        262148,
        "User000000262146"
      ]
    ]
  ]
]
