tokenize TokenBigram "あいabアイ" NormalizerAuto NONE UNKNOWN
[
  [
    [
      -22,
      0.0,
      0.0
    ],
    "[tokenize][mode] tokenize mode must be one of them: [\"GET\", \"ADD\", \"ONLY\"]: <UNKNOWN>"
  ]
]
#|e| [tokenize][mode] tokenize mode must be one of them: ["GET", "ADD", "ONLY"]: <UNKNOWN>
