table_create Memos TABLE_HASH_KEY ShortText
[[0,0.0,0.0],true]
column_create Memos value COLUMN_SCALAR Int64
[[0,0.0,0.0],true]
load --table Memos
[
{"_key": "Groonga is fast!", "value": 10},
{"_key": "Mroonga is fast!", "value": 2},
{"_key": "Groonga sticker!", "value": 3},
{"_key": "Rroonga is fast!", "value": 4}
]
[[0,0.0,0.0],4]
select Memos   --drilldowns[sum].calc_types SUM   --drilldowns[sum].calc_target value   --drilldowns[sum].output_columns _key,_sum
[
  [
    0,
    0.0,
    0.0
  ],
  [
    [
      [
        4
      ],
      [
        [
          "_id",
          "UInt32"
        ],
        [
          "_key",
          "ShortText"
        ],
        [
          "value",
          "Int64"
        ]
      ],
      [
        1,
        "Groonga is fast!",
        10
      ],
      [
        2,
        "Mroonga is fast!",
        2
      ],
      [
        3,
        "Groonga sticker!",
        3
      ],
      [
        4,
        "Rroonga is fast!",
        4
      ]
    ],
    {
      "sum": [
        [
          1
        ],
        [
          [
            "_key",
            "ShortText"
          ],
          [
            "_sum",
            "Int64"
          ]
        ],
        [
          "_all",
          19
        ]
      ]
    }
  ]
]
