plugin_register functions/vector
[[0,0.0,0.0],true]
table_create Memos TABLE_HASH_KEY ShortText
[[0,0.0,0.0],true]
column_create Memos tags COLUMN_VECTOR ShortText
[[0,0.0,0.0],true]
load --table Memos
[
{"_key": "Groonga", "tags": ["Groonga"]},
{"_key": "Rroonga", "tags": ["Groonga", "Ruby"]},
{"_key": "Nothing"}
]
[[0,0.0,0.0],3]
select Memos   --output_columns 'tags, vector_join(tags)'
[
  [
    0,
    0.0,
    0.0
  ],
  [
    [
      [
        3
      ],
      [
        [
          "tags",
          "ShortText"
        ],
        [
          "vector_join",
          null
        ]
      ],
      [
        [
          "Groonga"
        ],
        "Groonga"
      ],
      [
        [
          "Groonga",
          "Ruby"
        ],
        "GroongaRuby"
      ],
      [
        [

        ],
        ""
      ]
    ]
  ]
]
