plugin_register sharding
[[0,0.0,0.0],true]
table_create Logs_20150203 TABLE_NO_KEY
[[0,0.0,0.0],true]
column_create Logs_20150203 timestamp COLUMN_SCALAR Time
[[0,0.0,0.0],true]
column_create Logs_20150203 message COLUMN_SCALAR Text
[[0,0.0,0.0],true]
table_create Logs_20150204 TABLE_NO_KEY
[[0,0.0,0.0],true]
column_create Logs_20150204 timestamp COLUMN_SCALAR Time
[[0,0.0,0.0],true]
column_create Logs_20150204 message COLUMN_SCALAR Text
[[0,0.0,0.0],true]
table_create Logs_20150205 TABLE_NO_KEY
[[0,0.0,0.0],true]
column_create Logs_20150205 timestamp COLUMN_SCALAR Time
[[0,0.0,0.0],true]
column_create Logs_20150205 message COLUMN_SCALAR Text
[[0,0.0,0.0],true]
load --table Logs_20150203
[
{"timestamp": "2015-02-03 23:59:58", "message": "Start"},
{"timestamp": "2015-02-03 23:59:58", "message": "Shutdown"},
{"timestamp": "2015-02-03 23:59:59", "message": "Start"},
{"timestamp": "2015-02-03 23:59:59", "message": "Shutdown"}
]
[[0,0.0,0.0],4]
load --table Logs_20150204
[
{"timestamp": "2015-02-04 00:00:00", "message": "Start"},
{"timestamp": "2015-02-04 00:00:00", "message": "Shutdown"},
{"timestamp": "2015-02-04 00:00:01", "message": "Start"},
{"timestamp": "2015-02-04 00:00:01", "message": "Shutdown"},
{"timestamp": "2015-02-04 23:59:59", "message": "Start"},
{"timestamp": "2015-02-04 23:59:59", "message": "Shutdown"}
]
[[0,0.0,0.0],6]
load --table Logs_20150205
[
{"timestamp": "2015-02-05 00:00:00", "message": "Start"},
{"timestamp": "2015-02-05 00:00:00", "message": "Shutdown"},
{"timestamp": "2015-02-05 00:00:01", "message": "Start"},
{"timestamp": "2015-02-05 00:00:01", "message": "Shutdown"}
]
[[0,0.0,0.0],4]
logical_count Logs timestamp   --filter 'message == "Shutdown"'   --min "2015-02-04 00:00:00"   --min_border "include"   --max "2015-02-05 00:00:00"   --max_border "exclude"
[[0,0.0,0.0],3]
