table_create Entries TABLE_NO_KEY
[[0,0.0,0.0],true]
column_create Entries tags COLUMN_VECTOR ShortText
[[0,0.0,0.0],true]
load --table Entries
[
{"tags": ["A", "B"]}
]
[[0,0.0,0.0],1]
select Entries   --output_columns '_id, tags + 1'  --command_version 3
{
  "header": {
    "return_code": -22,
    "start_time": 0.0,
    "elapsed_time": 0.0,
    "error": {
      "message": "<+> doesn't support vector + non-vector: <[{\"value\":\"A\", \"weight\":0.0}, {\"value\":\"B\", \"weight\":0.0}]> + <1>",
      "function": "expr_exec_internal",
      "file": "expr_executor.cpp",
      "line": 0
    }
  },
  "body": {
    "n_hits": 1,
    "columns": [
      {
        "name": "_id",
        "type": "UInt32"
      },
      {
        "name": "(tags + 1)",
        "type": "ShortText"
      }
    ],
    "records": [
      [
        1,
        "<+> doesn't support vector + non-vector: <[{\"value\":\"A\", \"weight\":0.0}, {\"value\":\"B\", \"weight\":0.0}]> + <1>"
      ]
    ]
  }
}
#|e| <+> doesn't support vector + non-vector: <[{"value":"A", "weight":0.0}, {"value":"B", "weight":0.0}]> + <1>
