plugin_register sharding
[[0,0.0,0.0],true]
table_create Logs_period1 TABLE_NO_KEY
[[0,0.0,0.0],true]
column_create Logs_period1 timestamp COLUMN_SCALAR Time
[[0,0.0,0.0],true]
column_create Logs_period1 memo COLUMN_SCALAR ShortText
[[0,0.0,0.0],true]
table_create Times_period1 TABLE_PAT_KEY Time
[[0,0.0,0.0],true]
column_create Times_period1 timestamp_index COLUMN_INDEX Logs_period1 timestamp
[[0,0.0,0.0],true]
table_create Logs_period2 TABLE_NO_KEY
[[0,0.0,0.0],true]
column_create Logs_period2 timestamp COLUMN_SCALAR Time
[[0,0.0,0.0],true]
column_create Logs_period2 memo COLUMN_SCALAR ShortText
[[0,0.0,0.0],true]
table_create Times_period2 TABLE_PAT_KEY Time
[[0,0.0,0.0],true]
column_create Times_period2 timestamp_index COLUMN_INDEX Logs_period2 timestamp
[[0,0.0,0.0],true]
table_create Logs_period3 TABLE_NO_KEY
[[0,0.0,0.0],true]
column_create Logs_period3 timestamp COLUMN_SCALAR Time
[[0,0.0,0.0],true]
column_create Logs_period3 memo COLUMN_SCALAR ShortText
[[0,0.0,0.0],true]
table_create Times_period3 TABLE_PAT_KEY Time
[[0,0.0,0.0],true]
column_create Times_period3 timestamp_index COLUMN_INDEX Logs_period3 timestamp
[[0,0.0,0.0],true]
load --table Logs_period1
[
{
  "timestamp": "2015-02-03 12:49:00",
  "memo":      "2015-02-03 12:49:00"
},
{
  "timestamp": "2015-02-03 23:59:59",
  "memo":      "2015-02-03 23:59:59"
}
]
[[0,0.0,0.0],2]
load --table Logs_period2
[
{
  "timestamp": "2015-02-04 00:00:00",
  "memo":      "2015-02-04 00:00:00"
},
{
  "timestamp": "2015-02-04 13:49:00",
  "memo":      "2015-02-04 13:49:00"
},
{
  "timestamp": "2015-02-04 13:50:00",
  "memo":      "2015-02-04 13:50:00"
}
]
[[0,0.0,0.0],3]
load --table Logs_period3
[
{
  "timestamp": "2015-02-05 13:49:00",
  "memo":      "2015-02-05 13:49:00"
},
{
  "timestamp": "2015-02-05 13:50:00",
  "memo":      "2015-02-05 13:50:00"
},
{
  "timestamp": "2015-02-05 13:51:00",
  "memo":      "2015-02-05 13:51:00"
},
{
  "timestamp": "2015-02-05 13:52:00",
  "memo":      "2015-02-05 13:52:00"
}
]
[[0,0.0,0.0],4]
logical_select   --shard_key timestamp   --shard[20150203].table Logs_period1   --shard[20150204].table Logs_period2   --shard[20150205].table Logs_period3   --min "2015-02-04 13:50:00"   --min_border "include"   --max "2015-02-05 13:50:00"   --max_border "include"
[
  [
    0,
    0.0,
    0.0
  ],
  [
    [
      [
        3
      ],
      [
        [
          "_id",
          "UInt32"
        ],
        [
          "memo",
          "ShortText"
        ],
        [
          "timestamp",
          "Time"
        ]
      ],
      [
        3,
        "2015-02-04 13:50:00",
        1423025400.0
      ],
      [
        1,
        "2015-02-05 13:49:00",
        1423111740.0
      ],
      [
        2,
        "2015-02-05 13:50:00",
        1423111800.0
      ]
    ]
  ]
]
