table_create Names TABLE_PAT_KEY ShortText
[[0,0.0,0.0],true]
table_create Tokens TABLE_PAT_KEY ShortText   --default_tokenizer TokenBigram   --normalizer NormalizerAuto
[[0,0.0,0.0],true]
column_create Tokens names_key COLUMN_INDEX|WITH_POSITION Names _key
[[0,0.0,0.0],true]
load --table Names
[
{"_key": "name (x y)"}
]
[[0,0.0,0.0],1]
select Names   --match_columns "_key"   --query " "   --query_flags QUERY_NO_SYNTAX_ERROR
[[0,0.0,0.0],[[[0],[["_id","UInt32"],["_key","ShortText"]],[1,"name (x y)"]]]]
