tokenize TokenDelimit "A  B"
[
  [
    0,
    0.0,
    0.0
  ],
  [
    {
      "value": "A",
      "position": 0,
      "force_prefix": false,
      "force_prefix_search": false
    },
    {
      "value": "B",
      "position": 1,
      "force_prefix": false,
      "force_prefix_search": false
    }
  ]
]
