tokenize TokenMecab '日本のエンジン'
[
  [
    0,
    0.0,
    0.0
  ],
  [
    {
      "value": "日本",
      "position": 0,
      "force_prefix": false,
      "force_prefix_search": false
    },
    {
      "value": "の",
      "position": 1,
      "force_prefix": false,
      "force_prefix_search": false
    },
    {
      "value": "エンジン",
      "position": 2,
      "force_prefix": false,
      "force_prefix_search": false
    }
  ]
]
