table_create Memos TABLE_NO_KEY
[[0,0.0,0.0],true]
column_create Memos title COLUMN_SCALAR ShortText
[[0,0.0,0.0],true]
column_create Memos content COLUMN_SCALAR ShortText
[[0,0.0,0.0],true]
table_create Lexicon1 TABLE_PAT_KEY ShortText   --default_tokenizer TokenBigram
[[0,0.0,0.0],true]
column_create Lexicon1 memo_index COLUMN_INDEX|WITH_POSITION|WITH_SECTION   Memos title,content
[[0,0.0,0.0],true]
table_create Lexicon2 TABLE_PAT_KEY ShortText --default_tokenizer TokenDelimit
[[0,0.0,0.0],true]
column_create Lexicon2 memo_index COLUMN_INDEX|WITH_POSITION|WITH_SECTION   Memos content,title
[[0,0.0,0.0],true]
load --table Memos
[
["title", "content"],
["Groonga", "Start Groonga!"],
["Mroonga", "Start Mroonga!"],
["Rroonga", "Start Rroonga!"],
["Ruby", "Start Ruby!"],
["learn", "Learning Ruby and Groonga..."]
]
[[0,0.0,0.0],5]
select Memos   --match_columns "Lexicon1.memo_index.content"   --query ta   --output_columns "title, content, _score"
[
  [
    0,
    0.0,
    0.0
  ],
  [
    [
      [
        4
      ],
      [
        [
          "title",
          "ShortText"
        ],
        [
          "content",
          "ShortText"
        ],
        [
          "_score",
          "Int32"
        ]
      ],
      [
        "Groonga",
        "Start Groonga!",
        1
      ],
      [
        "Mroonga",
        "Start Mroonga!",
        1
      ],
      [
        "Rroonga",
        "Start Rroonga!",
        1
      ],
      [
        "Ruby",
        "Start Ruby!",
        1
      ]
    ]
  ]
]
