plugin_register sharding
[[0,0.0,0.0],true]
table_create Logs_20150203 TABLE_NO_KEY
[[0,0.0,0.0],true]
column_create Logs_20150203 timestamp COLUMN_SCALAR Time
[[0,0.0,0.0],true]
column_create Logs_20150203 memo COLUMN_SCALAR ShortText
[[0,0.0,0.0],true]
column_create Logs_20150203 numbers COLUMN_VECTOR Int32
[[0,0.0,0.0],true]
table_create Logs_20150204 TABLE_NO_KEY
[[0,0.0,0.0],true]
column_create Logs_20150204 timestamp COLUMN_SCALAR Time
[[0,0.0,0.0],true]
column_create Logs_20150204 memo COLUMN_SCALAR ShortText
[[0,0.0,0.0],true]
column_create Logs_20150204 numbers COLUMN_VECTOR Int32
[[0,0.0,0.0],true]
table_create Logs_20150205 TABLE_NO_KEY
[[0,0.0,0.0],true]
column_create Logs_20150205 timestamp COLUMN_SCALAR Time
[[0,0.0,0.0],true]
column_create Logs_20150205 memo COLUMN_SCALAR ShortText
[[0,0.0,0.0],true]
column_create Logs_20150205 numbers COLUMN_VECTOR Int32
[[0,0.0,0.0],true]
load --table Logs_20150203
[
{
  "timestamp": "2015-02-03 12:49:00",
       "memo": "2015-02-03 12:49:00",
    "numbers": [2, 0, 1, 5, 3, 4, 9]
}
]
[[0,0.0,0.0],1]
load --table Logs_20150204
[
{
  "timestamp": "2015-02-04 13:49:00",
       "memo": "2015-02-04 13:49:00",
    "numbers": [2, 0, 1, 5, 4, 3, 9]
},
{
  "timestamp": "2015-02-04 13:50:00",
       "memo": "2015-02-04 13:50:00",
    "numbers": [2, 0, 1, 5, 4, 3]
}
]
[[0,0.0,0.0],2]
load --table Logs_20150205
[
{
  "timestamp": "2015-02-05 13:49:00",
       "memo": "2015-02-05 13:49:00",
    "numbers": [2, 0, 1, 5, 4, 9]
},
{
  "timestamp": "2015-02-05 13:50:00",
       "memo": "2015-02-05 13:50:00",
    "numbers": [2, 0, 1, 5, 3]
},
{
  "timestamp": "2015-02-05 13:51:00",
       "memo": "2015-02-05 13:51:00",
    "numbers": [2, 0, 1, 5, 3]
}
]
[[0,0.0,0.0],3]
logical_range_filter Logs timestamp --filter 'numbers @ 9'
[
  [
    0,
    0.0,
    0.0
  ],
  [
    [
      [
        "memo",
        "ShortText"
      ],
      [
        "numbers",
        "Int32"
      ],
      [
        "timestamp",
        "Time"
      ]
    ],
    [
      "2015-02-03 12:49:00",
      [
        2,
        0,
        1,
        5,
        3,
        4,
        9
      ],
      1422935340.0
    ],
    [
      "2015-02-04 13:49:00",
      [
        2,
        0,
        1,
        5,
        4,
        3,
        9
      ],
      1423025340.0
    ],
    [
      "2015-02-05 13:49:00",
      [
        2,
        0,
        1,
        5,
        4,
        9
      ],
      1423111740.0
    ]
  ]
]
