table_create Users TABLE_PAT_KEY ShortText
[[0,0.0,0.0],true]
load --table Users
[
{"_key": "alice"},
{"_key": "bob"},
{"_key": "c-ab"}
]
[[0,0.0,0.0],3]
select Users   --match_columns "_key"   --query "b -a"   --query_flags "DISABLE_AND_NOT"
[[0,0.0,0.0],[[[1],[["_id","UInt32"],["_key","ShortText"]],[3,"c-ab"]]]]
