table_list
[
  [
    0,
    0.0,
    0.0
  ],
  [
    [
      [
        "id",
        "UInt32"
      ],
      [
        "name",
        "ShortText"
      ],
      [
        "path",
        "ShortText"
      ],
      [
        "flags",
        "ShortText"
      ],
      [
        "domain",
        "ShortText"
      ],
      [
        "range",
        "ShortText"
      ],
      [
        "default_tokenizer",
        "ShortText"
      ],
      [
        "normalizer",
        "ShortText"
      ]
    ]
  ]
]
