table_create Memos TABLE_NO_KEY
[[0,0.0,0.0],true]
column_create Memos title COLUMN_SCALAR ShortText
[[0,0.0,0.0],true]
column_create Memos content COLUMN_SCALAR ShortText
[[0,0.0,0.0],true]
table_create Lexicon TABLE_PAT_KEY ShortText --default_tokenizer TokenBigram
[[0,0.0,0.0],true]
column_create Lexicon memo_index COLUMN_INDEX|WITH_POSITION|WITH_SECTION   Memos title,content
[[0,0.0,0.0],true]
load --table Memos
[
["title", "content"],
["Groonga", "Start Groonga!"],
["Mroonga", "Start Mroonga!"],
["Rroonga", "Start Rroonga!"],
["Ruby", "Start Ruby!"],
["learn", "Learning Ruby and Groonga..."]
]
[[0,0.0,0.0],5]
select Memos   --match_columns "Lexicon.memo_index.content || Lexicon.memo_index.title"   --query Rroonga   --output_columns "title, content, _score"
[
  [
    0,
    0.0,
    0.0
  ],
  [
    [
      [
        1
      ],
      [
        [
          "title",
          "ShortText"
        ],
        [
          "content",
          "ShortText"
        ],
        [
          "_score",
          "Int32"
        ]
      ],
      [
        "Rroonga",
        "Start Rroonga!",
        2
      ]
    ]
  ]
]
