table_create Shops TABLE_HASH_KEY ShortText
[[0,0.0,0.0],true]
column_create Shops location COLUMN_SCALAR WGS84GeoPoint
[[0,0.0,0.0],true]
load --table Shops
[
{"_key":"Tokyo","location":"x"}
]
[
  [
    [
      -22,
      0.0,
      0.0
    ],
    "<Shops.location>: failed to cast to <WGS84GeoPoint>: <\"x\">"
  ],
  1
]
#|e| <Shops.location>: failed to cast to <WGS84GeoPoint>: <"x">
#|e| [table][load][Shops][location] failed to set column value: <Shops.location>: failed to cast to <WGS84GeoPoint>: <"x">: key: <"Tokyo">, value: <"x">
table_list
[
  [
    0,
    0.0,
    0.0
  ],
  [
    [
      [
        "id",
        "UInt32"
      ],
      [
        "name",
        "ShortText"
      ],
      [
        "path",
        "ShortText"
      ],
      [
        "flags",
        "ShortText"
      ],
      [
        "domain",
        "ShortText"
      ],
      [
        "range",
        "ShortText"
      ],
      [
        "default_tokenizer",
        "ShortText"
      ],
      [
        "normalizer",
        "ShortText"
      ]
    ],
    [
      256,
      "Shops",
      "db/db.0000100",
      "TABLE_HASH_KEY|PERSISTENT",
      "ShortText",
      null,
      null,
      null
    ]
  ]
]
