table_create Lexicon TABLE_PAT_KEY ShortText   --default_tokenizer TokenRegexp   --normalizer NormalizerAuto
[[0,0.0,0.0],true]
table_tokenize Lexicon "abcd\nefgh" --mode ADD
[
  [
    0,
    0.0,
    0.0
  ],
  [
    {
      "value": "￯",
      "position": 0,
      "force_prefix": false,
      "force_prefix_search": false
    },
    {
      "value": "ab",
      "position": 1,
      "force_prefix": false,
      "force_prefix_search": false
    },
    {
      "value": "bc",
      "position": 2,
      "force_prefix": false,
      "force_prefix_search": false
    },
    {
      "value": "cd",
      "position": 3,
      "force_prefix": false,
      "force_prefix_search": false
    },
    {
      "value": "d",
      "position": 4,
      "force_prefix": false,
      "force_prefix_search": false
    },
    {
      "value": "ef",
      "position": 6,
      "force_prefix": false,
      "force_prefix_search": false
    },
    {
      "value": "fg",
      "position": 7,
      "force_prefix": false,
      "force_prefix_search": false
    },
    {
      "value": "gh",
      "position": 8,
      "force_prefix": false,
      "force_prefix_search": false
    },
    {
      "value": "h",
      "position": 9,
      "force_prefix": false,
      "force_prefix_search": false
    },
    {
      "value": "￰",
      "position": 10,
      "force_prefix": false,
      "force_prefix_search": false
    }
  ]
]
