tokenize   'TokenMecab("include_class", true)'   '私の名前は中野です。'
[
  [
    0,
    0.0,
    0.0
  ],
  [
    {
      "value": "私",
      "position": 0,
      "force_prefix": false,
      "metadata": {
        "class": "名詞",
        "subclass0": "代名詞",
        "subclass1": "一般"
      }
    },
    {
      "value": "の",
      "position": 1,
      "force_prefix": false,
      "metadata": {
        "class": "助詞",
        "subclass0": "連体化"
      }
    },
    {
      "value": "名前",
      "position": 2,
      "force_prefix": false,
      "metadata": {
        "class": "名詞",
        "subclass0": "一般"
      }
    },
    {
      "value": "は",
      "position": 3,
      "force_prefix": false,
      "metadata": {
        "class": "助詞",
        "subclass0": "係助詞"
      }
    },
    {
      "value": "中野",
      "position": 4,
      "force_prefix": false,
      "metadata": {
        "class": "名詞",
        "subclass0": "固有名詞",
        "subclass1": "人名",
        "subclass2": "姓"
      }
    },
    {
      "value": "です",
      "position": 5,
      "force_prefix": false,
      "metadata": {
        "class": "助動詞"
      }
    },
    {
      "value": "。",
      "position": 6,
      "force_prefix": false,
      "metadata": {
        "class": "記号",
        "subclass0": "句点"
      }
    }
  ]
]
