table_create Memos TABLE_HASH_KEY ShortText
[[0,0.0,0.0],true]
column_create Memos tag COLUMN_SCALAR ShortText
[[0,0.0,0.0],true]
load --table Memos
[
{"_key": "Hello Groonga!", "tag": "Groonga"},
{"_key": "Hello Rroonga!", "tag": "Rroonga"}
]
[[0,0.0,0.0],2]
select Memos
[
  [
    0,
    0.0,
    0.0
  ],
  [
    [
      [
        2
      ],
      [
        [
          "_id",
          "UInt32"
        ],
        [
          "_key",
          "ShortText"
        ],
        [
          "tag",
          "ShortText"
        ]
      ],
      [
        1,
        "Hello Groonga!",
        "Groonga"
      ],
      [
        2,
        "Hello Rroonga!",
        "Rroonga"
      ]
    ]
  ]
]
select Memos   --drilldown tag
[
  [
    0,
    0.0,
    0.0
  ],
  [
    [
      [
        2
      ],
      [
        [
          "_id",
          "UInt32"
        ],
        [
          "_key",
          "ShortText"
        ],
        [
          "tag",
          "ShortText"
        ]
      ],
      [
        1,
        "Hello Groonga!",
        "Groonga"
      ],
      [
        2,
        "Hello Rroonga!",
        "Rroonga"
      ]
    ],
    [
      [
        2
      ],
      [
        [
          "_key",
          "ShortText"
        ],
        [
          "_nsubrecs",
          "Int32"
        ]
      ],
      [
        "Groonga",
        1
      ],
      [
        "Rroonga",
        1
      ]
    ]
  ]
]
