plugin_register sharding
[[0,0.0,0.0],true]
table_create Logs_20170315 TABLE_NO_KEY
[[0,0.0,0.0],true]
column_create Logs_20170315 timestamp COLUMN_SCALAR Time
[[0,0.0,0.0],true]
column_create Logs_20170315 price COLUMN_SCALAR UInt32
[[0,0.0,0.0],true]
table_create Logs_20170316 TABLE_NO_KEY
[[0,0.0,0.0],true]
column_create Logs_20170316 timestamp COLUMN_SCALAR Time
[[0,0.0,0.0],true]
column_create Logs_20170316 price COLUMN_SCALAR UInt32
[[0,0.0,0.0],true]
table_create Logs_20170317 TABLE_NO_KEY
[[0,0.0,0.0],true]
column_create Logs_20170317 timestamp COLUMN_SCALAR Time
[[0,0.0,0.0],true]
column_create Logs_20170317 price COLUMN_SCALAR UInt32
[[0,0.0,0.0],true]
load --table Logs_20170315
[
{"timestamp": "2017/03/15 00:00:00", "price": 1000},
{"timestamp": "2017/03/15 01:00:00", "price":  900},
{"timestamp": "2017/03/15 02:00:00", "price":  300}
]
[[0,0.0,0.0],3]
load --table Logs_20170316
[
{"timestamp": "2017/03/16 10:00:00", "price":  530},
{"timestamp": "2017/03/16 11:00:00", "price":  520},
{"timestamp": "2017/03/16 12:00:00", "price":  110}
]
[[0,0.0,0.0],3]
load --table Logs_20170317
[
{"timestamp": "2017/03/17 20:00:00", "price":  800},
{"timestamp": "2017/03/17 21:00:00", "price":  400},
{"timestamp": "2017/03/17 22:00:00", "price":  300}
]
[[0,0.0,0.0],3]
table_create Times TABLE_PAT_KEY Time
[[0,0.0,0.0],true]
column_create Times logs_20170315 COLUMN_INDEX Logs_20170315 timestamp
[[0,0.0,0.0],true]
column_create Times logs_20170316 COLUMN_INDEX Logs_20170316 timestamp
[[0,0.0,0.0],true]
column_create Times logs_20170317 COLUMN_INDEX Logs_20170317 timestamp
[[0,0.0,0.0],true]
log_level --level dump
[[0,0.0,0.0],true]
logical_range_filter Logs   --shard_key timestamp   --filter 'price <= 900'   --post_filter '_id > 1'   --offset 1   --limit 3   --output_columns _id,price
[[0,0.0,0.0],[[["_id","UInt32"],["price","UInt32"]],[3,300],[2,520],[3,110]]]
#|-| [obj][open] <263>(<Logs_20170315.timestamp>):<64>(<column:fix_size>)
#|-| [obj][open] <262>(<Logs_20170315>):<51>(<table:no_key>)
#|-| [obj][open] <271>(<Times>):<49>(<table:pat_key>)
#|-| [obj][open] <272>(<Times.logs_20170315>):<72>(<column:index>)
#|d| [logical_range_filter][select] <Logs_20170315>: post_filter is used
#|-| [obj][open] <264>(<Logs_20170315.price>):<64>(<column:fix_size>)
#|-| [obj][close] <264>(<Logs_20170315.price>):<64>(<column:fix_size>)
#|-| [obj][open] <264>(<Logs_20170315.price>):<64>(<column:fix_size>)
#|-| [obj][close] <264>(<Logs_20170315.price>):<64>(<column:fix_size>)
#|-| [obj][open] <264>(<Logs_20170315.price>):<64>(<column:fix_size>)
#|-| [obj][close] <264>(<Logs_20170315.price>):<64>(<column:fix_size>)
#|-| [obj][close] <272>(<Times.logs_20170315>):<72>(<column:index>)
#|-| [obj][close] <271>(<Times>):<49>(<table:pat_key>)
#|-| [obj][open] <266>(<Logs_20170316.timestamp>):<64>(<column:fix_size>)
#|-| [obj][open] <265>(<Logs_20170316>):<51>(<table:no_key>)
#|-| [obj][open] <271>(<Times>):<49>(<table:pat_key>)
#|-| [obj][open] <273>(<Times.logs_20170316>):<72>(<column:index>)
#|d| [logical_range_filter][select] <Logs_20170316>: post_filter is used
#|-| [obj][open] <267>(<Logs_20170316.price>):<64>(<column:fix_size>)
#|-| [obj][close] <267>(<Logs_20170316.price>):<64>(<column:fix_size>)
#|-| [obj][open] <267>(<Logs_20170316.price>):<64>(<column:fix_size>)
#|-| [obj][close] <267>(<Logs_20170316.price>):<64>(<column:fix_size>)
#|-| [obj][close] <273>(<Times.logs_20170316>):<72>(<column:index>)
#|-| [obj][close] <271>(<Times>):<49>(<table:pat_key>)
#|-| [obj][close] <263>(<Logs_20170315.timestamp>):<64>(<column:fix_size>)
#|-| [obj][close] <266>(<Logs_20170316.timestamp>):<64>(<column:fix_size>)
#>logical_range_filter --filter "price <= 900" --limit "3" --logical_table "Logs" --offset "1" --output_columns "_id,price" --post_filter "_id > 1" --shard_key "timestamp"
#:000000000000000 filter(2): Logs_20170315.price less_equal 900
#:000000000000000 filter(2): #<accessor _key(anonymous)._id(Logs_20170315)> greater 1
#:000000000000000 sort(1)[Logs_20170315]: timestamp
#:000000000000000 filter(3): Logs_20170316.price less_equal 900
#:000000000000000 filter(2): #<accessor _key(anonymous)._id(Logs_20170316)> greater 1
#:000000000000000 sort(2)[Logs_20170316]: timestamp
#:000000000000000 output(3)
#:000000000000000 send(0)
#<000000000000000 rc=0
log_level --level notice
[[0,0.0,0.0],true]
