table_create PostingLists TABLE_NO_KEY
[[0,0.0,0.0],true]
column_create PostingLists deltas COLUMN_VECTOR Int64
[[0,0.0,0.0],true]
table_create cursors   --flags TABLE_PAT_KEY   --key_type Int64
[[0,0.0,0.0],true]
column_create cursors index COLUMN_INDEX|WITH_POSITION PostingLists deltas
[[0,0.0,0.0],true]
index_column_diff cursors index
[[0,0.0,0.0],[]]
