table_create --name Users --flags TABLE_PAT_KEY --key_type ShortText
[[0,0.0,0.0],true]
column_create --table Users --name immediate --type Bool
[[0,0.0,0.0],true]
load --table Users
[
{"_key":"User01", "immediate":false},
{"_key":"User02", "immediate":false},
{"_key":"User03", "immediate":false},
{"_key":"U1", "immediate":true},
{"_key":"User04", "immediate":false},
{"_key":"U2", "immediate":true}
]
[[0,0.0,0.0],6]
delete Users U2
[[0,0.0,0.0],true]
check Users
[
  [
    0,
    0.0,
    0.0
  ],
  [
    {
      "flags": "0000C001",
      "key size": 4096,
      "value_size": 0,
      "tokenizer": 0,
      "normalizer": 0,
      "n_entries": 5,
      "curr_rec": 6,
      "curr_key": 24,
      "curr_key_large": 0,
      "curr_del": 1,
      "curr_del2": 0,
      "curr_del3": 0,
      "n_garbages": 1
    }
  ]
]
defrag
[[0,0.0,0.0],true]
check Users
[
  [
    0,
    0.0,
    0.0
  ],
  [
    {
      "flags": "0000C001",
      "key size": 4096,
      "value_size": 0,
      "tokenizer": 0,
      "normalizer": 0,
      "n_entries": 5,
      "curr_rec": 5,
      "curr_key": 24,
      "curr_key_large": 0,
      "curr_del": 0,
      "curr_del2": 0,
      "curr_del3": 0,
      "n_garbages": 0
    }
  ]
]
select Users --sort_keys _id
[
  [
    0,
    0.0,
    0.0
  ],
  [
    [
      [
        5
      ],
      [
        [
          "_id",
          "UInt32"
        ],
        [
          "_key",
          "ShortText"
        ],
        [
          "immediate",
          "Bool"
        ]
      ],
      [
        1,
        "User01",
        false
      ],
      [
        2,
        "User02",
        false
      ],
      [
        3,
        "User03",
        false
      ],
      [
        4,
        "U1",
        true
      ],
      [
        5,
        "User04",
        false
      ]
    ]
  ]
]
load --table Users
[
{"_key":"Groonga", "immediate":false},
{"_key":"Grn", "immediate":true}
]
[[0,0.0,0.0],2]
check Users
[
  [
    0,
    0.0,
    0.0
  ],
  [
    {
      "flags": "0000C001",
      "key size": 4096,
      "value_size": 0,
      "tokenizer": 0,
      "normalizer": 0,
      "n_entries": 7,
      "curr_rec": 7,
      "curr_key": 31,
      "curr_key_large": 0,
      "curr_del": 0,
      "curr_del2": 0,
      "curr_del3": 0,
      "n_garbages": 0
    }
  ]
]
select Users --sort_keys _id
[
  [
    0,
    0.0,
    0.0
  ],
  [
    [
      [
        7
      ],
      [
        [
          "_id",
          "UInt32"
        ],
        [
          "_key",
          "ShortText"
        ],
        [
          "immediate",
          "Bool"
        ]
      ],
      [
        1,
        "User01",
        false
      ],
      [
        2,
        "User02",
        false
      ],
      [
        3,
        "User03",
        false
      ],
      [
        4,
        "U1",
        true
      ],
      [
        5,
        "User04",
        false
      ],
      [
        6,
        "Groonga",
        false
      ],
      [
        7,
        "Grn",
        true
      ]
    ]
  ]
]
