table_create Normalizations TABLE_PAT_KEY ShortText
[[0,0.0,0.0],true]
column_create Normalizations normalized COLUMN_SCALAR ShortText
[[0,0.0,0.0],true]
load --table Normalizations
[
{"_key": "u", "normalized": ""}
]
[[0,0.0,0.0],1]
normalize   --string "u ab"   --flags REMOVE_BLANK|WITH_TYPES   --normalizers 'NormalizerNFKC150, NormalizerTable("normalized", "Normalizations.normalized")'
[[0,0.0,0.0],{"normalized":"ab","types":["alpha","alpha","null"],"checks":[]}]
