table_create Logs TABLE_NO_KEY
[[0,0.0,0.0],true]
load --table Logs
[
{},
{},
{}
]
[[0,0.0,0.0],3]
select Logs   --columns[a].flags "COLUMN_SCALAR"   --columns[a].stage "initial"   --columns[a].type "UInt32"   --columns[a].value "window_record_number()"   --columns[a].window.group_keys "b"   --columns[b].flags "COLUMN_SCALAR"   --columns[b].stage "initial"   --columns[b].type "UInt32"   --columns[b].value "_id"
[
  [
    0,
    0.0,
    0.0
  ],
  [
    [
      [
        3
      ],
      [
        [
          "_id",
          "UInt32"
        ],
        [
          "a",
          "UInt32"
        ],
        [
          "b",
          "UInt32"
        ]
      ],
      [
        1,
        1,
        1
      ],
      [
        2,
        1,
        2
      ],
      [
        3,
        1,
        3
      ]
    ]
  ]
]
