table_create Tags TABLE_HASH_KEY ShortText
[[0,0.0,0.0],true]
column_create Tags label COLUMN_SCALAR ShortText
[[0,0.0,0.0],true]
table_create Titles TABLE_HASH_KEY ShortText
[[0,0.0,0.0],true]
column_create Titles tag COLUMN_SCALAR Tags
[[0,0.0,0.0],true]
table_create Memos TABLE_HASH_KEY Titles
[[0,0.0,0.0],true]
column_create Memos content COLUMN_SCALAR Text
[[0,0.0,0.0],true]
column_create Memos timestamp COLUMN_SCALAR Time
[[0,0.0,0.0],true]
io_flush Memos --recursive dependent
[[0,0.0,0.0],true]
#>io_flush --recursive "dependent" --target_name "Memos"
#:000000000000000 flush[Titles]
#:000000000000000 flush[Memos.content]
#:000000000000000 flush[Memos.timestamp]
#:000000000000000 flush[Memos]
#:000000000000000 send(0)
#<000000000000000 rc=0
