normalize   'NormalizerNFKC100("unify_kana_case", true)'   "ぁあぃいぅうぇえぉおゃやゅゆょよゎわゕかゖけ"   WITH_TYPES
[
  [
    0,
    0.0,
    0.0
  ],
  {
    "normalized": "ああいいううええおおややゆゆよよわわかかけけ",
    "types": [
      "hiragana",
      "hiragana",
      "hiragana",
      "hiragana",
      "hiragana",
      "hiragana",
      "hiragana",
      "hiragana",
      "hiragana",
      "hiragana",
      "hiragana",
      "hiragana",
      "hiragana",
      "hiragana",
      "hiragana",
      "hiragana",
      "hiragana",
      "hiragana",
      "hiragana",
      "hiragana",
      "hiragana",
      "hiragana"
    ],
    "checks": [

    ]
  }
]
