plugin_register sharding
[[0,0.0,0.0],true]
plugin_register functions/time
[[0,0.0,0.0],true]
table_create Logs_20170315 TABLE_NO_KEY
[[0,0.0,0.0],true]
column_create Logs_20170315 timestamp COLUMN_SCALAR Time
[[0,0.0,0.0],true]
column_create Logs_20170315 price COLUMN_SCALAR UInt32
[[0,0.0,0.0],true]
table_create Logs_20170316 TABLE_NO_KEY
[[0,0.0,0.0],true]
column_create Logs_20170316 timestamp COLUMN_SCALAR Time
[[0,0.0,0.0],true]
column_create Logs_20170316 price COLUMN_SCALAR UInt32
[[0,0.0,0.0],true]
table_create Logs_20170317 TABLE_NO_KEY
[[0,0.0,0.0],true]
column_create Logs_20170317 timestamp COLUMN_SCALAR Time
[[0,0.0,0.0],true]
column_create Logs_20170317 price COLUMN_SCALAR UInt32
[[0,0.0,0.0],true]
load --table Logs_20170315
[
{"timestamp": "2017/03/15 00:00:00", "price": 1000},
{"timestamp": "2017/03/15 11:00:00", "price":  900},
{"timestamp": "2017/03/15 12:00:00", "price":  300},
{"timestamp": "2017/03/15 13:00:00", "price":  200}
]
[[0,0.0,0.0],4]
load --table Logs_20170316
[
{"timestamp": "2017/03/16 04:00:00", "price":  530},
{"timestamp": "2017/03/16 05:00:00", "price":  520},
{"timestamp": "2017/03/16 09:00:00", "price":  110},
{"timestamp": "2017/03/16 13:00:00", "price":  410},
{"timestamp": "2017/03/16 14:00:00", "price":  710}
]
[[0,0.0,0.0],5]
load --table Logs_20170317
[
{"timestamp": "2017/03/17 09:00:00", "price":  800},
{"timestamp": "2017/03/17 21:00:00", "price":  400},
{"timestamp": "2017/03/17 22:00:00", "price":  500},
{"timestamp": "2017/03/17 23:00:00", "price":  300}
]
[[0,0.0,0.0],4]
log_level --level dump
[[0,0.0,0.0],true]
logical_range_filter Logs   --shard_key timestamp   --max '2017/03/17 10:00:00.000'   --max_border exclude   --filter 'price >= 300'   --columns[day].stage filtered   --columns[day].type Time   --columns[day].flags COLUMN_SCALAR   --columns[day].value 'time_classify_day(timestamp-36000000000)'   --columns[price_per_day].stage filtered   --columns[price_per_day].type UInt32   --columns[price_per_day].flags COLUMN_SCALAR   --columns[price_per_day].value 'window_sum(price)'   --columns[price_per_day].window.group_keys 'day'   --output_columns _id,day,price_per_day
[
  [
    0,
    0.0,
    0.0
  ],
  [
    [
      [
        "_id",
        "UInt32"
      ],
      [
        "day",
        "Time"
      ],
      [
        "price_per_day",
        "UInt32"
      ]
    ],
    [
      1,
      1489417200.0,
      1000
    ],
    [
      2,
      1489503600.0,
      2250
    ],
    [
      3,
      1489503600.0,
      2250
    ],
    [
      1,
      1489503600.0,
      2250
    ],
    [
      2,
      1489503600.0,
      2250
    ],
    [
      4,
      1489590000.0,
      1920
    ],
    [
      5,
      1489590000.0,
      1920
    ],
    [
      1,
      1489590000.0,
      1920
    ]
  ]
]
#|-| [obj][open] <273>(<Logs_20170315.timestamp>):<64>(<column:fix_size>)
#|-| [obj][open] <272>(<Logs_20170315>):<51>(<table:no_key>)
#|-| [obj][open] <276>(<Logs_20170316.timestamp>):<64>(<column:fix_size>)
#|-| [obj][open] <275>(<Logs_20170316>):<51>(<table:no_key>)
#|-| [obj][open] <274>(<Logs_20170315.price>):<64>(<column:fix_size>)
#|-| [obj][close] <274>(<Logs_20170315.price>):<64>(<column:fix_size>)
#|-| [obj][open] <277>(<Logs_20170316.price>):<64>(<column:fix_size>)
#|-| [obj][close] <277>(<Logs_20170316.price>):<64>(<column:fix_size>)
#|-| [obj][open] <274>(<Logs_20170315.price>):<64>(<column:fix_size>)
#|-| [obj][open] <277>(<Logs_20170316.price>):<64>(<column:fix_size>)
#|-| [obj][close] <274>(<Logs_20170315.price>):<64>(<column:fix_size>)
#|-| [obj][close] <277>(<Logs_20170316.price>):<64>(<column:fix_size>)
#|-| [obj][close] <273>(<Logs_20170315.timestamp>):<64>(<column:fix_size>)
#|-| [obj][open] <279>(<Logs_20170317.timestamp>):<64>(<column:fix_size>)
#|-| [obj][open] <278>(<Logs_20170317>):<51>(<table:no_key>)
#|-| [obj][open] <280>(<Logs_20170317.price>):<64>(<column:fix_size>)
#|-| [obj][close] <280>(<Logs_20170317.price>):<64>(<column:fix_size>)
#|-| [obj][open] <274>(<Logs_20170315.price>):<64>(<column:fix_size>)
#|-| [obj][open] <277>(<Logs_20170316.price>):<64>(<column:fix_size>)
#|-| [obj][open] <280>(<Logs_20170317.price>):<64>(<column:fix_size>)
#|-| [obj][close] <274>(<Logs_20170315.price>):<64>(<column:fix_size>)
#|-| [obj][close] <277>(<Logs_20170316.price>):<64>(<column:fix_size>)
#|-| [obj][close] <280>(<Logs_20170317.price>):<64>(<column:fix_size>)
#|-| [obj][open] <277>(<Logs_20170316.price>):<64>(<column:fix_size>)
#|-| [obj][open] <280>(<Logs_20170317.price>):<64>(<column:fix_size>)
#|-| [obj][close] <277>(<Logs_20170316.price>):<64>(<column:fix_size>)
#|-| [obj][close] <280>(<Logs_20170317.price>):<64>(<column:fix_size>)
#|-| [obj][close] <276>(<Logs_20170316.timestamp>):<64>(<column:fix_size>)
#|-| [obj][close] <279>(<Logs_20170317.timestamp>):<64>(<column:fix_size>)
#>logical_range_filter --columns[day].flags "COLUMN_SCALAR" --columns[day].stage "filtered" --columns[day].type "Time" --columns[day].value "time_classify_day(timestamp-36000000000)" --columns[price_per_day].flags "COLUMN_SCALAR" --columns[price_per_day].stage "filtered" --columns[price_per_day].type "UInt32" --columns[price_per_day].value "window_sum(price)" --columns[price_per_day].window.group_keys "day" --filter "price >= 300" --logical_table "Logs" --max "2017/03/17 10:00:00.000" --max_border "exclude" --output_columns "_id,day,price_per_day" --shard_key "timestamp"
#:000000000000000 filter(3): Logs_20170315.price greater_equal 300
#:000000000000000 columns[day](3)
#:000000000000000 filter(4): Logs_20170316.price greater_equal 300
#:000000000000000 columns[day](4)
#:000000000000000 columns[price_per_day](3)
#:000000000000000 sort(3)[Logs_20170315]: timestamp
#:000000000000000 filter(1): Logs_20170317.timestamp less 1489712400.0
#:000000000000000 filter(1): Logs_20170317.price greater_equal 300
#:000000000000000 columns[day](1)
#:000000000000000 columns[price_per_day](4)
#:000000000000000 sort(4)[Logs_20170316]: timestamp
#:000000000000000 columns[price_per_day](1)
#:000000000000000 sort(1)[Logs_20170317]: timestamp
#:000000000000000 output(8)
#:000000000000000 send(0)
#<000000000000000 rc=0
