tokenize   'TokenNgram("loose_symbol", true,               "report_source_location", true)'   "(あいうえお)"   'NormalizerNFKC100'
[
  [
    0,
    0.0,
    0.0
  ],
  [
    {
      "value": "(",
      "position": 0,
      "force_prefix": false,
      "source_offset": 0,
      "source_length": 1,
      "source_first_character_length": 1
    },
    {
      "value": "あい",
      "position": 1,
      "force_prefix": false,
      "source_offset": 1,
      "source_length": 6,
      "source_first_character_length": 3
    },
    {
      "value": "いう",
      "position": 2,
      "force_prefix": false,
      "source_offset": 4,
      "source_length": 6,
      "source_first_character_length": 3
    },
    {
      "value": "うえ",
      "position": 3,
      "force_prefix": false,
      "source_offset": 7,
      "source_length": 6,
      "source_first_character_length": 3
    },
    {
      "value": "えお",
      "position": 4,
      "force_prefix": false,
      "source_offset": 10,
      "source_length": 6,
      "source_first_character_length": 3
    },
    {
      "value": "お",
      "position": 5,
      "force_prefix": false,
      "source_offset": 13,
      "source_length": 3,
      "source_first_character_length": 3
    },
    {
      "value": ")",
      "position": 6,
      "force_prefix": false,
      "source_offset": 16,
      "source_length": 1,
      "source_first_character_length": 1
    },
    {
      "value": "￰",
      "position": 7,
      "force_prefix": false,
      "source_offset": 17,
      "source_length": 0,
      "source_first_character_length": 0
    },
    {
      "value": "あい",
      "position": 8,
      "force_prefix": false,
      "source_offset": 0,
      "source_length": 7,
      "source_first_character_length": 4
    },
    {
      "value": "いう",
      "position": 9,
      "force_prefix": false,
      "source_offset": 4,
      "source_length": 6,
      "source_first_character_length": 3
    },
    {
      "value": "うえ",
      "position": 10,
      "force_prefix": false,
      "source_offset": 7,
      "source_length": 6,
      "source_first_character_length": 3
    },
    {
      "value": "えお",
      "position": 11,
      "force_prefix": false,
      "source_offset": 10,
      "source_length": 6,
      "source_first_character_length": 3
    },
    {
      "value": "お",
      "position": 12,
      "force_prefix": false,
      "source_offset": 13,
      "source_length": 3,
      "source_first_character_length": 3
    }
  ]
]
