table_create Users TABLE_HASH_KEY ShortText
[[0,0.0,0.0],true]
log_level --level dump
[[0,0.0,0.0],true]
reference_acquire --target_name Users --auto_release_count 1
[[0,0.0,0.0],true]
#|-| [obj][open] <256>(<Users>):<48>(<table:hash_key>)
column_create Users name COLUMN_SCALAR ShortText
[[0,0.0,0.0],true]
#|-| [obj][close] <257>(<Users.name>):<65>(<column:var_size>)
#|-| [obj][close] <256>(<Users>):<48>(<table:hash_key>)
select Users
[
  [
    0,
    0.0,
    0.0
  ],
  [
    [
      [
        0
      ],
      [
        [
          "_id",
          "UInt32"
        ],
        [
          "_key",
          "ShortText"
        ],
        [
          "name",
          "ShortText"
        ]
      ]
    ]
  ]
]
#|-| [obj][open] <256>(<Users>):<48>(<table:hash_key>)
#|-| [obj][open] <257>(<Users.name>):<65>(<column:var_size>)
#|-| [obj][close] <257>(<Users.name>):<65>(<column:var_size>)
#|-| [obj][close] <256>(<Users>):<48>(<table:hash_key>)
