plugin_register sharding
[[0,0.0,0.0],true]
table_create Logs_20150203 TABLE_NO_KEY
[[0,0.0,0.0],true]
column_create Logs_20150203 timestamp COLUMN_SCALAR Time
[[0,0.0,0.0],true]
table_create Times_20150203 TABLE_PAT_KEY Time
[[0,0.0,0.0],true]
column_create Times_20150203 timestamp_index COLUMN_INDEX Logs_20150203 timestamp
[[0,0.0,0.0],true]
table_create Logs_20150204 TABLE_NO_KEY
[[0,0.0,0.0],true]
column_create Logs_20150204 timestamp COLUMN_SCALAR Time
[[0,0.0,0.0],true]
table_create Times_20150204 TABLE_PAT_KEY Time
[[0,0.0,0.0],true]
column_create Times_20150204 timestamp_index COLUMN_INDEX Logs_20150204 timestamp
[[0,0.0,0.0],true]
table_create Logs_20150205 TABLE_NO_KEY
[[0,0.0,0.0],true]
column_create Logs_20150205 timestamp COLUMN_SCALAR Time
[[0,0.0,0.0],true]
table_create Times_20150205 TABLE_PAT_KEY Time
[[0,0.0,0.0],true]
column_create Times_20150205 timestamp_index COLUMN_INDEX Logs_20150205 timestamp
[[0,0.0,0.0],true]
load --table Logs_20150203
[
{"timestamp": "2015-02-03 12:49:00"},
{"timestamp": "2015-02-03 23:59:59"}
]
[[0,0.0,0.0],2]
load --table Logs_20150204
[
{"timestamp": "2015-02-04 00:00:00"},
{"timestamp": "2015-02-04 13:49:00"},
{"timestamp": "2015-02-04 13:50:00"}
]
[[0,0.0,0.0],3]
load --table Logs_20150205
[
{"timestamp": "2015-02-05 13:49:00"},
{"timestamp": "2015-02-05 13:50:00"},
{"timestamp": "2015-02-05 13:51:00"},
{"timestamp": "2015-02-05 13:52:00"}
]
[[0,0.0,0.0],4]
logical_count Logs timestamp   --max "2015-02-04 00:00:00"   --max_border "exclude"
[[0,0.0,0.0],2]
