normalize   'NormalizerNFKC150("unify_kana_hyphen", true,                      "report_source_offset", true)'   "サ-シ-ス-セ-ソ-"   WITH_CHECKS|WITH_TYPES
[
  [
    0,
    0.0,
    0.0
  ],
  {
    "normalized": "サアシイスウセエソオ",
    "types": [
      "katakana",
      "katakana",
      "katakana",
      "katakana",
      "katakana",
      "katakana",
      "katakana",
      "katakana",
      "katakana",
      "katakana",
      "null"
    ],
    "checks": [
      3,
      0,
      0,
      1,
      0,
      0,
      3,
      0,
      0,
      1,
      0,
      0,
      3,
      0,
      0,
      1,
      0,
      0,
      3,
      0,
      0,
      1,
      0,
      0,
      3,
      0,
      0,
      1,
      0,
      0
    ],
    "offsets": [
      0,
      3,
      4,
      7,
      8,
      11,
      12,
      15,
      16,
      19,
      20
    ]
  }
]
