table_create Notes TABLE_NO_KEY
[[0,0.0,0.0],true]
column_create Notes title COLUMN_SCALAR Text
[[0,0.0,0.0],true]
column_create Notes title_snippets COLUMN_VECTOR ShortText title   --generator 'snippet(title, "Groonga", {"default_open_tag": "<", "default_close_tag": ">"})'
[[0,0.0,0.0],true]
column_list Notes
[
  [
    0,
    0.0,
    0.0
  ],
  [
    [
      [
        "id",
        "UInt32"
      ],
      [
        "name",
        "ShortText"
      ],
      [
        "path",
        "ShortText"
      ],
      [
        "type",
        "ShortText"
      ],
      [
        "flags",
        "ShortText"
      ],
      [
        "domain",
        "ShortText"
      ],
      [
        "range",
        "ShortText"
      ],
      [
        "source",
        "ShortText"
      ],
      [
        "generator",
        "ShortText"
      ]
    ],
    [
      257,
      "title",
      "db/db.0000101",
      "var",
      "COLUMN_SCALAR|PERSISTENT",
      "Notes",
      "Text",
      [

      ],
      ""
    ],
    [
      258,
      "title_snippets",
      "db/db.0000102",
      "var",
      "COLUMN_VECTOR|PERSISTENT",
      "Notes",
      "ShortText",
      [
        "Notes.title"
      ],
      "snippet(title, \"Groonga\", {\"default_open_tag\": \"<\", \"default_close_tag\": \">\"})"
    ]
  ]
]
