table_create array TABLE_NO_KEY
[[0,0.0,0.0],true]
load --table array
[
{},
{},
{},
{},
{},
{},
{},
{},
{},
{}
]
[[0,0.0,0.0],10]
delete array --filter true
[[0,0.0,0.0],true]
load --table array
[
{},
{},
{},
{},
{},
{},
{},
{},
{},
{}
]
[[0,0.0,0.0],10]
select array
[
  [
    0,
    0.0,
    0.0
  ],
  [
    [
      [
        10
      ],
      [
        [
          "_id",
          "UInt32"
        ]
      ],
      [
        1
      ],
      [
        2
      ],
      [
        3
      ],
      [
        4
      ],
      [
        5
      ],
      [
        6
      ],
      [
        11
      ],
      [
        12
      ],
      [
        13
      ],
      [
        14
      ]
    ]
  ]
]
load --table array
[
{},
{},
{},
{},
{},
{},
{},
{},
{},
{}
]
[[0,0.0,0.0],10]
select array --limit -1
[
  [
    0,
    0.0,
    0.0
  ],
  [
    [
      [
        20
      ],
      [
        [
          "_id",
          "UInt32"
        ]
      ],
      [
        1
      ],
      [
        2
      ],
      [
        3
      ],
      [
        4
      ],
      [
        5
      ],
      [
        6
      ],
      [
        7
      ],
      [
        8
      ],
      [
        9
      ],
      [
        10
      ],
      [
        11
      ],
      [
        12
      ],
      [
        13
      ],
      [
        14
      ],
      [
        15
      ],
      [
        16
      ],
      [
        17
      ],
      [
        18
      ],
      [
        19
      ],
      [
        20
      ]
    ]
  ]
]
