table_create Numbers TABLE_PAT_KEY Int32
[[0,0.0,0.0],true]
column_create Numbers value1 COLUMN_SCALAR Int32
[[0,0.0,0.0],true]
column_create Numbers value2 COLUMN_SCALAR Int32
[[0,0.0,0.0],true]
load --table Numbers --command_version 3
[
{"_key": 1, "value1": 1, "value2": 2},
{"_key": "string"},
{"_key": 2, "value1": "string1", "value2": "string2"},
{"_key": 3}
]
{
  "header": {
    "return_code": -22,
    "start_time": 0.0,
    "elapsed_time": 0.0,
    "error": {
      "message": "<Numbers.value2>: failed to cast to <Int32>: <\"string2\">",
      "function": "grn_obj_set_value_column_fix_size",
      "file": "db.c",
      "line": 0
    }
  },
  "body": {
    "n_loaded_records": 3
  }
}
#|e| <Numbers>: failed to cast to <Int32>: <"string">
#|e| <Numbers.value1>: failed to cast to <Int32>: <"string1">
#|e| [table][load][Numbers][value1] failed to set column value: <Numbers.value1>: failed to cast to <Int32>: <"string1">: key: <2>, value: <"string1">
#|e| <Numbers.value2>: failed to cast to <Int32>: <"string2">
#|e| [table][load][Numbers][value2] failed to set column value: <Numbers.value2>: failed to cast to <Int32>: <"string2">: key: <2>, value: <"string2">
#>load --command_version "3" --input_type "apache-arrow" --table "Numbers"
#:000000000000000 load(3): [1][2][3]
#:000000000000000 send(0)
#<000000000000000 rc=-22
