table_create --name Users --flags TABLE_PAT_KEY --key_type ShortText
[[0,0.0,0.0],true]
column_create --table Users --name immediate --type Bool
[[0,0.0,0.0],true]
load --table Users
[
{"_key":"James", "immediate":false},
{"_key":"Jason", "immediate":false},
{"_key":"Jennifer", "immediate":false},
{"_key":"Jeff", "immediate":true},
{"_key":"John", "immediate":true},
{"_key":"Joseph", "immediate":false}
]
[[0,0.0,0.0],6]
object_inspect Users
[
  [
    0,
    0.0,
    0.0
  ],
  {
    "id": 256,
    "name": "Users",
    "type": {
      "id": 49,
      "name": "table:pat_key"
    },
    "key": {
      "type": {
        "id": 14,
        "name": "ShortText",
        "type": {
          "id": 32,
          "name": "type"
        },
        "size": 4096
      },
      "total_size": 24,
      "max_total_size": 4294967294
    },
    "value": {
      "type": null
    },
    "n_records": 6,
    "disk_usage": 0
  }
]
defrag
[[0,0.0,0.0],true]
object_inspect Users
[
  [
    0,
    0.0,
    0.0
  ],
  {
    "id": 256,
    "name": "Users",
    "type": {
      "id": 49,
      "name": "table:pat_key"
    },
    "key": {
      "type": {
        "id": 14,
        "name": "ShortText",
        "type": {
          "id": 32,
          "name": "type"
        },
        "size": 4096
      },
      "total_size": 24,
      "max_total_size": 4294967294
    },
    "value": {
      "type": null
    },
    "n_records": 6,
    "disk_usage": 0
  }
]
select Users
[
  [
    0,
    0.0,
    0.0
  ],
  [
    [
      [
        6
      ],
      [
        [
          "_id",
          "UInt32"
        ],
        [
          "_key",
          "ShortText"
        ],
        [
          "immediate",
          "Bool"
        ]
      ],
      [
        1,
        "James",
        false
      ],
      [
        2,
        "Jason",
        false
      ],
      [
        4,
        "Jeff",
        true
      ],
      [
        3,
        "Jennifer",
        false
      ],
      [
        5,
        "John",
        true
      ],
      [
        6,
        "Joseph",
        false
      ]
    ]
  ]
]
load --table Users
[
{"_key":"HogePiyo", "immediate":false},
{"_key":"Foo", "immediate":true}
]
[[0,0.0,0.0],2]
object_inspect Users
[
  [
    0,
    0.0,
    0.0
  ],
  {
    "id": 256,
    "name": "Users",
    "type": {
      "id": 49,
      "name": "table:pat_key"
    },
    "key": {
      "type": {
        "id": 14,
        "name": "ShortText",
        "type": {
          "id": 32,
          "name": "type"
        },
        "size": 4096
      },
      "total_size": 32,
      "max_total_size": 4294967294
    },
    "value": {
      "type": null
    },
    "n_records": 8,
    "disk_usage": 0
  }
]
select Users
[
  [
    0,
    0.0,
    0.0
  ],
  [
    [
      [
        8
      ],
      [
        [
          "_id",
          "UInt32"
        ],
        [
          "_key",
          "ShortText"
        ],
        [
          "immediate",
          "Bool"
        ]
      ],
      [
        8,
        "Foo",
        true
      ],
      [
        7,
        "HogePiyo",
        false
      ],
      [
        1,
        "James",
        false
      ],
      [
        2,
        "Jason",
        false
      ],
      [
        4,
        "Jeff",
        true
      ],
      [
        3,
        "Jennifer",
        false
      ],
      [
        5,
        "John",
        true
      ],
      [
        6,
        "Joseph",
        false
      ]
    ]
  ]
]
