table_create Shops TABLE_HASH_KEY ShortText
[[0,0.0,0.0],true]
column_create Shops places COLUMN_VECTOR WGS84GeoPoint
[[0,0.0,0.0],true]
load --table Shops
[
["_key","places"],
["daruma",
["130094061x505025099","130185500x505009000"]
]
]
[[0,0.0,0.0],1]
select Shops --query _key:daruma
[
  [
    0,
    0.0,
    0.0
  ],
  [
    [
      [
        1
      ],
      [
        [
          "_id",
          "UInt32"
        ],
        [
          "_key",
          "ShortText"
        ],
        [
          "places",
          "WGS84GeoPoint"
        ]
      ],
      [
        1,
        "daruma",
        [
          "130094061x505025099",
          "130185500x505009000"
        ]
      ]
    ]
  ]
]
