table_create Tags TABLE_PAT_KEY ShortText
[[0,0.0,0.0],true]
table_create Memos TABLE_HASH_KEY ShortText
[[0,0.0,0.0],true]
column_create Memos tags COLUMN_VECTOR|WITH_WEIGHT Tags
[[0,0.0,0.0],true]
load --table Memos
[
{
  "_key": "Groonga is fast",
  "tags": {
    "groonga": 100,
    "full text search": 10
  }
}
]
[[0,0.0,0.0],1]
dump
table_create Memos TABLE_HASH_KEY ShortText

table_create Tags TABLE_PAT_KEY ShortText

column_create Memos tags COLUMN_VECTOR|WITH_WEIGHT Tags

load --table Tags
[
["_key"],
["full text search"],
["groonga"]
]

load --table Memos
[
["_key","tags"],
["Groonga is fast",{"groonga":100,"full text search":10}]
]
