tokenize TokenBigram "あいabアイ" NormalizerAuto NONE ADD
[
  [
    0,
    0.0,
    0.0
  ],
  [
    {
      "value": "あい",
      "position": 0,
      "force_prefix": false,
      "force_prefix_search": false
    },
    {
      "value": "い",
      "position": 1,
      "force_prefix": false,
      "force_prefix_search": false
    },
    {
      "value": "ab",
      "position": 2,
      "force_prefix": false,
      "force_prefix_search": false
    },
    {
      "value": "アイ",
      "position": 3,
      "force_prefix": false,
      "force_prefix_search": false
    },
    {
      "value": "イ",
      "position": 4,
      "force_prefix": false,
      "force_prefix_search": false
    }
  ]
]
