tokenize TokenBigram "aBcDe 123"
[
  [
    0,
    0.0,
    0.0
  ],
  [
    {
      "value": "aB",
      "position": 0,
      "force_prefix": false,
      "force_prefix_search": false
    },
    {
      "value": "Bc",
      "position": 1,
      "force_prefix": false,
      "force_prefix_search": false
    },
    {
      "value": "cD",
      "position": 2,
      "force_prefix": false,
      "force_prefix_search": false
    },
    {
      "value": "De",
      "position": 3,
      "force_prefix": false,
      "force_prefix_search": false
    },
    {
      "value": "e ",
      "position": 4,
      "force_prefix": false,
      "force_prefix_search": false
    },
    {
      "value": " 1",
      "position": 5,
      "force_prefix": false,
      "force_prefix_search": false
    },
    {
      "value": "12",
      "position": 6,
      "force_prefix": false,
      "force_prefix_search": false
    },
    {
      "value": "23",
      "position": 7,
      "force_prefix": false,
      "force_prefix_search": false
    },
    {
      "value": "3",
      "position": 8,
      "force_prefix": false,
      "force_prefix_search": false
    }
  ]
]
