table_create Numbers TABLE_NO_KEY
[[0,0.0,0.0],true]
column_create Numbers data1 COLUMN_SCALAR Int32
[[0,0.0,0.0],true]
column_create Numbers data2 COLUMN_SCALAR Int32
[[0,0.0,0.0],true]
column_create Numbers data3 COLUMN_SCALAR Int32
[[0,0.0,0.0],true]
load --table Numbers
[
["data1", "data2", "data3"],
[1, 10, 100],
[2, 20, 200],
[3, 30, 300],
[4, 40, 400],
[5, 50, 500],
[6, 60, 600],
[7, 70, 700],
[8, 80, 800],
[9, 90, 900],
[10, 100, 1000]
]
[[0,0.0,0.0],10]
select Numbers   --filter "escalate(-1, 'data1 <= 1',                      -1, 'data2 > 50',                      5, 'NOT USED')"
[
  [
    0,
    0.0,
    0.0
  ],
  [
    [
      [
        6
      ],
      [
        [
          "_id",
          "UInt32"
        ],
        [
          "data1",
          "Int32"
        ],
        [
          "data2",
          "Int32"
        ],
        [
          "data3",
          "Int32"
        ]
      ],
      [
        1,
        1,
        10,
        100
      ],
      [
        6,
        6,
        60,
        600
      ],
      [
        7,
        7,
        70,
        700
      ],
      [
        8,
        8,
        80,
        800
      ],
      [
        9,
        9,
        90,
        900
      ],
      [
        10,
        10,
        100,
        1000
      ]
    ]
  ]
]
