table_create Memos TABLE_NO_KEY
[[0,0.0,0.0],true]
column_create Memos id COLUMN_SCALAR Int32
[[0,0.0,0.0],true]
column_create Memos text COLUMN_SCALAR Text
[[0,0.0,0.0],true]
table_create IDs TABLE_PAT_KEY Int32
[[0,0.0,0.0],true]
column_create IDs memos_id COLUMN_INDEX Memos id
[[0,0.0,0.0],true]
load --table Memos
[
{"id":   0, "text": "aaa"}
]
[[0,0.0,0.0],1]
range_filter Memos id   --min_border include   --max 10 --max_border exclude
[[0,0.0,0.0],[[["_id","UInt32"],["id","Int32"],["text","Text"]],[1,0,"aaa"]]]
