table_create Data TABLE_DAT_KEY ShortText
[[0,0.0,0.0],true]
load --table Data
[
{"_key": "key1"}
]
[[0,0.0,0.0],1]
select Data
[[0,0.0,0.0],[[[1],[["_id","UInt32"],["_key","ShortText"]],[1,"key1"]]]]
io_flush
[[0,0.0,0.0],true]
delete Data --key key1
[[0,0.0,0.0],true]
select Data
[[0,0.0,0.0],[[[0],[["_id","UInt32"],["_key","ShortText"]]]]]
_database_close
[[0,0.0,0.0],true]
_database_reopen
[[0,0.0,0.0],true]
select Data
[[0,0.0,0.0],[[[0],[["_id","UInt32"],["_key","ShortText"]]]]]
