table_create Documents TABLE_NO_KEY
[[0,0.0,0.0],true]
column_create Documents tag1 COLUMN_SCALAR ShortText
[[0,0.0,0.0],true]
column_create Documents tag2 COLUMN_SCALAR ShortText
[[0,0.0,0.0],true]
load --table Documents
[
{"tag1": "1", "tag2": "2"}
]
[[0,0.0,0.0],1]
select Documents   --drilldown tag1,tag2   --command_version 1   --output_type apache-arrow
return_code: int32
start_time: timestamp[ns]
elapsed_time: double
error_message: string
error_file: string
error_line: uint32
error_function: string
error_input_file: string
error_input_line: int32
error_input_command: string
-- metadata --
GROONGA:data_type: metadata
	return_code	               start_time	elapsed_time	error_message	error_file	error_line	error_function	error_input_file	error_input_line	error_input_command
	    (int32)	              (timestamp)	    (double)	       (utf8)	    (utf8)	  (uint32)	        (utf8)	          (utf8)	         (int32)	             (utf8)
0	          0	1970-01-01T09:00:00+09:00	    0.000000	       (null)	    (null)	    (null)	        (null)	          (null)	          (null)	             (null)
========================================
_id: uint32
tag1: string
tag2: string
-- metadata --
GROONGA:n_hits: 1
	     _id	  tag1	  tag2
	(uint32)	(utf8)	(utf8)
0	       1	1     	2     
========================================
_key: string
_nsubrecs: int32
-- metadata --
GROONGA:data_type: drilldown
GROONGA:label: tag1
GROONGA:n_hits: 1
	  _key	_nsubrecs
	(utf8)	  (int32)
0	1     	        1
========================================
_key: string
_nsubrecs: int32
-- metadata --
GROONGA:data_type: drilldown
GROONGA:label: tag2
GROONGA:n_hits: 1
	  _key	_nsubrecs
	(utf8)	  (int32)
0	2     	        1
