select LandMarks --filter 'geo_in_rectangle(point, "90.0x0", "0x0")'
[
  [
    [
      -22,
      0.0,
      0.0
    ],
    "geo_in_rectangle(): top left point's latitude is too big: <324000000>(max:324000000): (324000000,0) (0,0)"
  ],
  [

  ]
]
#|e| geo_in_rectangle(): top left point's latitude is too big: <324000000>(max:324000000): (324000000,0) (0,0)
