table_create Users TABLE_PAT_KEY ShortText
[[0,0.0,0.0],true]
column_create Users age COLUMN_SCALAR UInt32
[[0,0.0,0.0],true]
load --table Users
[
["_key", "age"],
["Alice", 21],
["Bob", 22],
["Chris", 23],
["Diana", 24],
["Emily", 25],
["Franky", 26]
]
[[0,0.0,0.0],6]
select Users   --filter 'age >= 23'   --post_filter 'age <= 25'   --offset 3   --sort_keys -age
[[0,0.0,0.0],[[[3],[["_id","UInt32"],["_key","ShortText"],["age","UInt32"]]]]]
