table_create Values TABLE_NO_KEY
[[0,0.0,0.0],true]
column_create Values past COLUMN_SCALAR Time
[[0,0.0,0.0],true]
column_create Values now COLUMN_SCALAR Time
[[0,0.0,0.0],true]
column_create Values feature COLUMN_SCALAR Time
[[0,0.0,0.0],true]
column_create Values output COLUMN_SCALAR Time
[[0,0.0,0.0],true]
load --table Values
[
{"past":-1348322135.12666, "now":1348322135.12666, "feature":1848322135.12666}
]
[[0,0.0,0.0],1]
select Values   --filter true   --output_columns '_id,output'   --scorer 'output = max(now, past, feature)'
[[0,0.0,0.0],[[[1],[["_id","UInt32"],["output","Time"]],[1,1848322135.12666]]]]
