table_create Users TABLE_HASH_KEY ShortText
[[0,0.0,0.0],true]
column_create Users comment COLUMN_SCALAR ShortText
[[0,0.0,0.0],true]
load --table Users
[
{"_key": "Alice", "comment": "I'm happy!"},
{"_key": "Bob",   "comment": "Hey!"},
{"_key": "Chris", "comment": "Wow!"}
]
[[0,0.0,0.0],3]
table_create Terms TABLE_PAT_KEY ShortText   --default_tokenizer TokenNgram   --normalizer NormalizerNFKC130
[[0,0.0,0.0],true]
column_create Terms users COLUMN_INDEX|WITH_POSITION|WITH_SECTION   Users _key,comment
[[0,0.0,0.0],true]
select Users   --output_columns _id,_key,_score   --sort_keys _id   --filter 'query_parallel_or("_key * 2 || comment * 3", "Alice", "Bob", "happy")'
[
  [
    0,
    0.0,
    0.0
  ],
  [
    [
      [
        2
      ],
      [
        [
          "_id",
          "UInt32"
        ],
        [
          "_key",
          "ShortText"
        ],
        [
          "_score",
          "Int32"
        ]
      ],
      [
        1,
        "Alice",
        5
      ],
      [
        2,
        "Bob",
        2
      ]
    ]
  ]
]
