table_create Users TABLE_DAT_KEY|KEY_LARGE ShortText
[
  [
    [
      -22,
      0.0,
      0.0
    ],
    "[table][create] large key support is available for TABLE_HASH_KEY and TABLE_PAT_KEY key table: <Users>(TABLE_DAT_KEY)"
  ],
  false
]
#|e| [table][create] large key support is available for TABLE_HASH_KEY and TABLE_PAT_KEY key table: <Users>(TABLE_DAT_KEY)
