table_create Users TABLE_PAT_KEY|KEY_LARGE ShortText
[[0,0.0,0.0],true]
load --table Users
[
{"_key": "Alice"},
{"_key": "Bob"},
{"_key": "Charlie"}
]
[[0,0.0,0.0],3]
select Users
[
  [
    0,
    0.0,
    0.0
  ],
  [
    [
      [
        3
      ],
      [
        [
          "_id",
          "UInt32"
        ],
        [
          "_key",
          "ShortText"
        ]
      ],
      [
        1,
        "Alice"
      ],
      [
        2,
        "Bob"
      ],
      [
        3,
        "Charlie"
      ]
    ]
  ]
]
