table_create Items TABLE_HASH_KEY ShortText
[[0,0.0,0.0],true]
column_create Items price COLUMN_SCALAR Float32
[[0,0.0,0.0],true]
load --table Items
[
{"_key": "zero", "price": 0.0},
{"_key": "nonzero", "price": 1.5}
]
[[0,0.0,0.0],2]
select Items --filter '!price' --output_columns _key
[[0,0.0,0.0],[[[1],[["_key","ShortText"]],["zero"]]]]
select Items --filter 'price && true' --output_columns _key
[[0,0.0,0.0],[[[1],[["_key","ShortText"]],["nonzero"]]]]
select Items --filter 'false || price' --output_columns _key
[[0,0.0,0.0],[[[1],[["_key","ShortText"]],["nonzero"]]]]
