plugin_register functions/language_model
[[0,0.0,0.0],true]
plugin_register functions/vector
[[0,0.0,0.0],true]
table_create Data TABLE_NO_KEY
[[0,0.0,0.0],true]
column_create Data text COLUMN_SCALAR ShortText
[[0,0.0,0.0],true]
load --table Data
[
{"text": "I am a king."},
{"text": "I am a queen."}
]
[[0,0.0,0.0],2]
select Data   --columns[embeddings].stage output   --columns[embeddings].type Float32   --columns[embeddings].flags COLUMN_VECTOR   --columns[embeddings].value 'language_model_vectorize("phi-4-q4", text)'   --output_columns 'text, vector_slice(embeddings, 0, 3)'
[
  [
    0,
    0.0,
    0.0
  ],
  [
    [
      [
        2
      ],
      [
        [
          "text",
          "ShortText"
        ],
        [
          "vector_slice",
          null
        ]
      ],
      [
        "I am a king.",
        [
          -0.009299132,
          -0.007786971,
          0.000646766
        ]
      ],
      [
        "I am a queen.",
        [
          -0.01004994,
          -0.003906214,
          -0.001882675
        ]
      ]
    ]
  ]
]
