normalize   'NormalizerNFKC("unify_to_katakana", true,                   "report_source_offset", true)'   "さしすせそ"   WITH_CHECKS|WITH_TYPES
[
  [
    0,
    0.0,
    0.0
  ],
  {
    "normalized": "サシスセソ",
    "types": [
      "katakana",
      "katakana",
      "katakana",
      "katakana",
      "katakana",
      "null"
    ],
    "checks": [
      3,
      0,
      0,
      3,
      0,
      0,
      3,
      0,
      0,
      3,
      0,
      0,
      3,
      0,
      0
    ],
    "offsets": [
      0,
      3,
      6,
      9,
      12,
      15
    ]
  }
]
