normalize   'NormalizerNFKC121("unify_kana_hyphen", true,                      "report_source_offset", true)'   "ア-ァ-イ-ィ-ウ-ゥ-エ-ェ-オ-ォ-"   WITH_CHECKS|WITH_TYPES
[
  [
    0,
    0.0,
    0.0
  ],
  {
    "normalized": "アアァアイイィイウウゥウエエェエオオォオ",
    "types": [
      "katakana",
      "katakana",
      "katakana",
      "katakana",
      "katakana",
      "katakana",
      "katakana",
      "katakana",
      "katakana",
      "katakana",
      "katakana",
      "katakana",
      "katakana",
      "katakana",
      "katakana",
      "katakana",
      "katakana",
      "katakana",
      "katakana",
      "katakana"
    ],
    "checks": [
      3,
      0,
      0,
      1,
      0,
      0,
      3,
      0,
      0,
      1,
      0,
      0,
      3,
      0,
      0,
      1,
      0,
      0,
      3,
      0,
      0,
      1,
      0,
      0,
      3,
      0,
      0,
      1,
      0,
      0,
      3,
      0,
      0,
      1,
      0,
      0,
      3,
      0,
      0,
      1,
      0,
      0,
      3,
      0,
      0,
      1,
      0,
      0,
      3,
      0,
      0,
      1,
      0,
      0,
      3,
      0,
      0,
      1,
      0,
      0
    ],
    "offsets": [
      0,
      3,
      4,
      7,
      8,
      11,
      12,
      15,
      16,
      19,
      20,
      23,
      24,
      27,
      28,
      31,
      32,
      35,
      36,
      39
    ]
  }
]
