tokenize TokenBigram "aBcDe 123" TokenDelimit
[
  [
    [
      -22,
      0.0,
      0.0
    ],
    "[tokenize] failed to set normalizer: <TokenDelimit>: [info][set][normalizer][(anonymous)] invalid normalizer: <TokenDelimit>"
  ]
]
#|e| [info][set][normalizer][(anonymous)] invalid normalizer: <TokenDelimit>
#|e| [tokenize] failed to set normalizer: <TokenDelimit>: [info][set][normalizer][(anonymous)] invalid normalizer: <TokenDelimit>
