table_create --name Users --flags TABLE_PAT_KEY --key_type ShortText
[[0,0.0,0.0],true]
object_inspect Users
[
  [
    0,
    0.0,
    0.0
  ],
  {
    "id": 256,
    "name": "Users",
    "type": {
      "id": 49,
      "name": "table:pat_key"
    },
    "key": {
      "type": {
        "id": 14,
        "name": "ShortText",
        "type": {
          "id": 32,
          "name": "type"
        },
        "size": 4096
      },
      "total_size": 4194304,
      "max_total_size": 4294967294
    },
    "value": {
      "type": null
    },
    "n_records": 262144,
    "disk_usage": 0
  }
]
