table_create Logs TABLE_NO_KEY
[[0,0.0,0.0],true]
load --table Logs
[
{},
{},
{}
]
[[0,0.0,0.0],3]
delete Logs --id 2
[[0,0.0,0.0],true]
table_create ApplicationLogs TABLE_NO_KEY
[[0,0.0,0.0],true]
table_copy Logs ApplicationLogs
[[0,0.0,0.0],true]
dump
table_create ApplicationLogs TABLE_NO_KEY

table_create Logs TABLE_NO_KEY

load --table ApplicationLogs
[
["_id"],
[1],
[],
[3]
]
delete --table ApplicationLogs --id 2

load --table Logs
[
["_id"],
[1],
[],
[3]
]
delete --table Logs --id 2
