table_create Items TABLE_HASH_KEY ShortText
[[0,0.0,0.0],true]
column_create Items price COLUMN_SCALAR UInt32
[[0,0.0,0.0],true]
load --table Items
[
{"_key": "item1", "price": 666},
{"_key": "item2", "price": 999},
{"_key": "item3", "price": 777},
{"_key": "item4", "price": 111},
{"_key": "item5", "price": 333},
{"_key": "item6", "price": 222}
]
[[0,0.0,0.0],6]
select Items   --columns[sum].stage initial   --columns[sum].value 'window_sum(price)'   --columns[sum].type UInt32   --columns[sum].window.sort_keys -price   --output_columns '_key, price, sum'   --sort_keys -price
[
  [
    0,
    0.0,
    0.0
  ],
  [
    [
      [
        6
      ],
      [
        [
          "_key",
          "ShortText"
        ],
        [
          "price",
          "UInt32"
        ],
        [
          "sum",
          "UInt32"
        ]
      ],
      [
        "item2",
        999,
        999
      ],
      [
        "item3",
        777,
        1776
      ],
      [
        "item1",
        666,
        2442
      ],
      [
        "item5",
        333,
        2775
      ],
      [
        "item6",
        222,
        2997
      ],
      [
        "item4",
        111,
        3108
      ]
    ]
  ]
]
