normalize   'NormalizerNFKC("remove_symbol", true,                   "unify_hyphen_and_prolonged_sound_mark", true,                   "version", "NFKC_VERSION")'   "090ー1234ー5678"   WITH_TYPES
[
  [
    0,
    0.0,
    0.0
  ],
  {
    "normalized": "09012345678",
    "types": [
      "digit",
      "digit",
      "digit",
      "digit",
      "digit",
      "digit",
      "digit",
      "digit",
      "digit",
      "digit",
      "digit",
      "null"
    ],
    "checks": []
  }
]
