normalize   'NormalizerNFKC150("unify_kana", true,                      "unify_katakana_v_sounds", true,                      "report_source_offset", true)'   "うヴァヴィヴヴェヴォヴ"   WITH_CHECKS|WITH_TYPES
[
  [
    0,
    0.0,
    0.0
  ],
  {
    "normalized": "うゔぁゔぃゔゔぇゔぉゔ",
    "types": [
      "hiragana",
      "hiragana",
      "hiragana",
      "hiragana",
      "hiragana",
      "hiragana",
      "hiragana",
      "hiragana",
      "hiragana",
      "hiragana",
      "hiragana",
      "null"
    ],
    "checks": [
      3,
      0,
      0,
      3,
      0,
      0,
      3,
      0,
      0,
      3,
      0,
      0,
      3,
      0,
      0,
      3,
      0,
      0,
      3,
      0,
      0,
      3,
      0,
      0,
      3,
      0,
      0,
      3,
      0,
      0,
      3,
      0,
      0
    ],
    "offsets": [
      0,
      3,
      6,
      9,
      12,
      15,
      18,
      21,
      24,
      27,
      30,
      33
    ]
  }
]
