table_create Tags TABLE_PAT_KEY ShortText
[[0,0.0,0.0],true]
table_create Memos TABLE_HASH_KEY ShortText
[[0,0.0,0.0],true]
column_create Memos tags COLUMN_VECTOR|WITH_WEIGHT Tags
[[0,0.0,0.0],true]
load --table Memos
[
["_key", "tags"],
[
  "Groonga is fast",
  {
    "groonga": 100,
    "mroonga": 200
  }
]
]
[[0,0.0,0.0],1]
dump   --dump_plugins no   --dump_schema no
load --table Tags
[
["_key"],
["groonga"],
["mroonga"]
]

load --table Memos
[
["_key","tags"],
["Groonga is fast",{"groonga":100,"mroonga":200}]
]
