table_create Times TABLE_PAT_KEY Time
[[0,0.0,0.0],true]
table_create Data TABLE_NO_KEY
[[0,0.0,0.0],true]
column_create Data time COLUMN_SCALAR Times
[[0,0.0,0.0],true]
load --table Data
[
{"time": "2022-03-15T00:00:00"}
]
[[0,0.0,0.0],1]
column_create Times data_time COLUMN_INDEX Data time
[[0,0.0,0.0],true]
index_column_diff Times data_time
[[0,0.0,0.0],[]]
