table_create Users TABLE_HASH_KEY ShortText
[[0,0.0,0.0],true]
column_create Users age COLUMN_SCALAR Int32
[[0,0.0,0.0],true]
table_create Ages TABLE_PAT_KEY Int32
[[0,0.0,0.0],true]
column_create Ages users_age COLUMN_INDEX Users age
[[0,0.0,0.0],true]
load --table Users
[
{"_key": "alice",  "age": 17},
{"_key": "bob",    "age": 18},
{"_key": "calros", "age": 19},
{"_key": "dave",   "age": 20},
{"_key": "eric",   "age": 21}
]
[[0,0.0,0.0],5]
log_level --level info
[[0,0.0,0.0],true]
select Users --filter 'between(age, 18, 20)'
[
  [
    0,
    0.0,
    0.0
  ],
  [
    [
      [
        3
      ],
      [
        [
          "_id",
          "UInt32"
        ],
        [
          "_key",
          "ShortText"
        ],
        [
          "age",
          "Int32"
        ]
      ],
      [
        2,
        "bob",
        18
      ],
      [
        3,
        "calros",
        19
      ],
      [
        4,
        "dave",
        20
      ]
    ]
  ]
]
#|i| [table-selector][select][index][selector][between] <Ages.users_age>
log_level --level notice
[[0,0.0,0.0],true]
