table_create Data TABLE_HASH_KEY UInt32 UInt32
[[0,0.0,0.0],true]
load --table Data
[
{"_key": 10, "_value": 100}
]
[[0,0.0,0.0],1]
select Data --output_columns _id,_key,_value
[
  [
    0,
    0.0,
    0.0
  ],
  [
    [
      [
        1
      ],
      [
        [
          "_id",
          "UInt32"
        ],
        [
          "_key",
          "UInt32"
        ],
        [
          "_value",
          "UInt32"
        ]
      ],
      [
        1,
        10,
        100
      ]
    ]
  ]
]
check --obj Data
[
  [
    0,
    0.0,
    0.0
  ],
  [
    {
      "flags": "00008000",
      "key_size": 4,
      "value_size": 4,
      "tokenizer": 0,
      "normalizer": 0,
      "curr_rec": 1,
      "curr_key_normal": 0,
      "curr_key_large": 0,
      "idx_offset": 0,
      "entry_size": 8,
      "max_offset": 1048575,
      "n_entries": 1,
      "n_garbages": 0,
      "lock": 0
    }
  ]
]
select Data --output_columns _id,_key,_value
[[0,0.0,0.0],[[[0],[["_id","UInt32"],["_key","UInt32"],["_value","UInt32"]]]]]
check --obj Data
[
  [
    0,
    0.0,
    0.0
  ],
  [
    {
      "flags": "00008000",
      "key_size": 4,
      "value_size": 4,
      "tokenizer": 0,
      "normalizer": 0,
      "curr_rec": 0,
      "curr_key_normal": 0,
      "curr_key_large": 0,
      "idx_offset": 0,
      "entry_size": 8,
      "max_offset": 1048575,
      "n_entries": 0,
      "n_garbages": 0,
      "lock": 0
    }
  ]
]
wal_recover
[[0,0.0,0.0],true]
select Data --output_columns _id,_key,_value
[
  [
    0,
    0.0,
    0.0
  ],
  [
    [
      [
        1
      ],
      [
        [
          "_id",
          "UInt32"
        ],
        [
          "_key",
          "UInt32"
        ],
        [
          "_value",
          "UInt32"
        ]
      ],
      [
        1,
        10,
        100
      ]
    ]
  ]
]
check --obj Data
[
  [
    0,
    0.0,
    0.0
  ],
  [
    {
      "flags": "00008000",
      "key_size": 4,
      "value_size": 4,
      "tokenizer": 0,
      "normalizer": 0,
      "curr_rec": 1,
      "curr_key_normal": 0,
      "curr_key_large": 0,
      "idx_offset": 0,
      "entry_size": 8,
      "max_offset": 1048575,
      "n_entries": 1,
      "n_garbages": 0,
      "lock": 0
    }
  ]
]
