normalize   'NormalizerNFKC121("unify_katakana_wo_sound", true,                      "report_source_offset", true)'   "ヲ"   WITH_CHECKS|WITH_TYPES
[
  [
    0,
    0.0,
    0.0
  ],
  {
    "normalized": "オ",
    "types": [
      "katakana"
    ],
    "checks": [
      3,
      0,
      0
    ],
    "offsets": [
      0
    ]
  }
]
