normalize   'NormalizerNFKC100("unify_kana_hyphen", true,                      "report_source_offset", true)'   "ゔ-ゕ-ゖ-"   WITH_CHECKS|WITH_TYPES
[
  [
    0,
    0.0,
    0.0
  ],
  {
    "normalized": "ゔうゕあゖえ",
    "types": [
      "hiragana",
      "hiragana",
      "hiragana",
      "hiragana",
      "hiragana",
      "hiragana"
    ],
    "checks": [
      3,
      0,
      0,
      1,
      0,
      0,
      3,
      0,
      0,
      1,
      0,
      0,
      3,
      0,
      0,
      1,
      0,
      0
    ],
    "offsets": [
      0,
      3,
      4,
      7,
      8,
      11
    ]
  }
]
