tokenize   'TokenMecab("include_reading", true)'   '焼き肉と焼肉とyakiniku'
[
  [
    0,
    0.0,
    0.0
  ],
  [
    {
      "value": "焼き肉",
      "position": 0,
      "force_prefix": false,
      "force_prefix_search": false,
      "metadata": {
        "reading": "ヤキニク"
      }
    },
    {
      "value": "と",
      "position": 1,
      "force_prefix": false,
      "force_prefix_search": false,
      "metadata": {
        "reading": "ト"
      }
    },
    {
      "value": "焼肉",
      "position": 2,
      "force_prefix": false,
      "force_prefix_search": false,
      "metadata": {
        "reading": "ヤキニク"
      }
    },
    {
      "value": "と",
      "position": 3,
      "force_prefix": false,
      "force_prefix_search": false,
      "metadata": {
        "reading": "ト"
      }
    },
    {
      "value": "yakiniku",
      "position": 4,
      "force_prefix": false,
      "force_prefix_search": false,
      "metadata": {
      }
    }
  ]
]
