table_create Logs TABLE_NO_KEY
[[0,0.0,0.0],true]
column_create Logs timestamp COLUMN_SCALAR Time
[[0,0.0,0.0],true]
load --table Logs
[
{"timestamp": "2016-04-08 00:00:00"},
{"timestamp": "2016-04-08 00:00:01"},
{"timestamp": "2016-04-08 00:00:02"}
]
[[0,0.0,0.0],3]
table_create Timestamps TABLE_PAT_KEY Time
[[0,0.0,0.0],true]
column_create Timestamps index COLUMN_INDEX Logs timestamp
[[0,0.0,0.0],true]
log_level --level info
[[0,0.0,0.0],true]
select Logs --filter 'timestamp < "2016-04-08 00:00:01"'
[[0,0.0,0.0],[[[1],[["_id","UInt32"],["timestamp","Time"]],[1,1460041200.0]]]]
#|i| [table-selector][select][index][range] <Timestamps.index>
log_level --level notice
[[0,0.0,0.0],true]
