plugin_register token_filters/stop_word
[[0,0.0,0.0],true]
table_create Terms TABLE_PAT_KEY ShortText   --default_tokenizer TokenBigram   --normalizer NormalizerAuto   --token_filters TokenFilterStopWord
[[0,0.0,0.0],true]
column_create Terms is_stop_word COLUMN_SCALAR Bool
[[0,0.0,0.0],true]
table_tokenize Terms "Hello and Good-bye" --mode ADD
[
  [
    0,
    0.0,
    0.0
  ],
  [
    {
      "value": "hello",
      "position": 0,
      "force_prefix": false,
      "force_prefix_search": false
    },
    {
      "value": "and",
      "position": 1,
      "force_prefix": false,
      "force_prefix_search": false
    },
    {
      "value": "good",
      "position": 2,
      "force_prefix": false,
      "force_prefix_search": false
    },
    {
      "value": "-",
      "position": 3,
      "force_prefix": false,
      "force_prefix_search": false
    },
    {
      "value": "bye",
      "position": 4,
      "force_prefix": false,
      "force_prefix_search": false
    }
  ]
]
load --table Terms
[
{"_key": "and", "is_stop_word": true}
]
[[0,0.0,0.0],1]
table_tokenize Terms "Hello and Good-bye"
[
  [
    0,
    0.0,
    0.0
  ],
  [
    {
      "value": "hello",
      "position": 0,
      "force_prefix": false,
      "force_prefix_search": false
    },
    {
      "value": "good",
      "position": 2,
      "force_prefix": false,
      "force_prefix_search": false
    },
    {
      "value": "-",
      "position": 3,
      "force_prefix": false,
      "force_prefix_search": false
    },
    {
      "value": "bye",
      "position": 4,
      "force_prefix": false,
      "force_prefix_search": false
    }
  ]
]
