table_create Entries TABLE_NO_KEY
[[0,0.0,0.0],true]
column_create Entries content COLUMN_SCALAR ShortText
[[0,0.0,0.0],true]
load --table Entries
[
{"content": "Groonga and MySQL"},
{"content": "Groonga and My SQL"}
]
[[0,0.0,0.0],2]
select Entries   --output_columns '   snippet(content,   "MySQL", "<keyword>", "</keyword>",   {"normalizers": "NormalizerNFKC150("}   )'
[
  [
    [
      -22,
      0.0,
      0.0
    ],
    "[snippet] invalid normalizers: <NormalizerNFKC150(>: [info][set][normalizers][(anonymous)] failed to parse normalizers: <Normal"
  ],
  [
    [
      [
        2
      ],
      [
        [
          "snippet",
          null
        ]
      ],
      [
        "[snippet] invalid normalizers: <NormalizerNFKC150(>: [info][set][normalizers][(anonymous)] failed to parse normalizers: <Normal"
      ],
      [
        "[snippet] invalid normalizers: <NormalizerNFKC150(>: [info][set][normalizers][(anonymous)] failed to parse normalizers: <Normal"
      ]
    ]
  ]
]
#|e| Syntax error: <NormalizerNFKC150(||>
#|e| [info][set][normalizers][(anonymous)] failed to parse normalizers: <NormalizerNFKC150(>: Syntax error: <NormalizerNFKC150(||>
#|e| [snippet] invalid normalizers: <NormalizerNFKC150(>: [info][set][normalizers][(anonymous)] failed to parse normalizers: <NormalizerNFKC150(>: Syntax error: <NormalizerNFKC150(||>
