normalize   'NormalizerNFKC("unify_iteration_mark", true,                   "version", "NFKC_VERSION")'   "タヾダヾチヾヂヾツヾヅヾテヾデヾトヾドヾ"   WITH_TYPES
[
  [
    0,
    0.0,
    0.0
  ],
  {
    "normalized": "タダダダチヂヂヂツヅヅヅテデデデトドドド",
    "types": [
      "katakana",
      "katakana",
      "katakana",
      "katakana",
      "katakana",
      "katakana",
      "katakana",
      "katakana",
      "katakana",
      "katakana",
      "katakana",
      "katakana",
      "katakana",
      "katakana",
      "katakana",
      "katakana",
      "katakana",
      "katakana",
      "katakana",
      "katakana",
      "null"
    ],
    "checks": []
  }
]
