normalize   'NormalizerNFKC150("strip", true,                      "report_source_offset", true)'   "  hello world\t! \t "   WITH_CHECKS|WITH_TYPES
[
  [
    0,
    0.0,
    0.0
  ],
  {
    "normalized": "hello world!",
    "types": [
      "alpha",
      "alpha",
      "alpha",
      "alpha",
      "alpha",
      "others",
      "alpha",
      "alpha",
      "alpha",
      "alpha",
      "alpha|blank",
      "symbol|blank"
    ],
    "checks": [
      3,
      1,
      1,
      1,
      1,
      1,
      1,
      1,
      1,
      1,
      1,
      2
    ],
    "offsets": [
      0,
      3,
      4,
      5,
      6,
      7,
      8,
      9,
      10,
      11,
      12,
      14
    ]
  }
]
