select LandMarks --sortby '_id' --output_columns 'point' --limit -1   --filter 'geo_in_rectangle(point, "3x-2", "2x1")'
[
  [
    0,
    0.0,
    0.0
  ],
  [
    [
      [
        8
      ],
      [
        [
          "point",
          "WGS84GeoPoint"
        ]
      ],
      [
        "2x-2"
      ],
      [
        "2x-1"
      ],
      [
        "2x0"
      ],
      [
        "2x1"
      ],
      [
        "3x-2"
      ],
      [
        "3x-1"
      ],
      [
        "3x0"
      ],
      [
        "3x1"
      ]
    ]
  ]
]
