table_create Items TABLE_NO_KEY
[[0,0.0,0.0],true]
column_create Items name COLUMN_SCALAR ShortText
[[0,0.0,0.0],true]
column_create Items price COLUMN_SCALAR UInt32
[[0,0.0,0.0],true]
load --table Items
[
{"name": "Book",       "price": 1000},
{"name": "Note",       "price": 1000},
{"name": "Box",        "price":  520},
{"name": "Pen",        "price":  510},
{"name": "Small Book", "price":  500},
{"name": "Drink",      "price":  300}
]
[[0,0.0,0.0],6]
log_level --level info
[[0,0.0,0.0],true]
select Items   --columns[content].stage initial   --columns[content].type ShortText   --columns[content].flags COLUMN_SCALAR   --columns[content].value 'highlight_html(name)'   --match_columns name   --output_columns content   --query "Book"
[[0,0.0,0.0],[[[2],[["content","ShortText"]],["Book"],["Small Book"]]]]
#>select --columns[content].flags "COLUMN_SCALAR" --columns[content].stage "initial" --columns[content].type "ShortText" --columns[content].value "highlight_html(name)" --match_columns "name" --output_columns "content" --query "Book" --table "Items"
#:000000000000000 columns[content](6)
#:000000000000000 filter(2): (match columns) match "Book"
#:000000000000000 select(2)
#:000000000000000 output(2)
#<000000000000000 rc=0
log_level --level notice
[[0,0.0,0.0],true]
