normalize   'NormalizerNFKC("unify_alphabet_diacritical_mark", true)'   "ÀÁÂÃÄÅàáâãäå"   WITH_TYPES
[
  [
    0,
    0.0,
    0.0
  ],
  {
    "normalized": "aaaaaaaaaaaa",
    "types": [
      "alpha",
      "alpha",
      "alpha",
      "alpha",
      "alpha",
      "alpha",
      "alpha",
      "alpha",
      "alpha",
      "alpha",
      "alpha",
      "alpha",
      "null"
    ],
    "checks": [

    ]
  }
]
normalize   'NormalizerNFKC("unify_alphabet_diacritical_mark", true)'   "ĀāĂăĄą"   WITH_TYPES
[
  [
    0,
    0.0,
    0.0
  ],
  {
    "normalized": "aaaaaa",
    "types": [
      "alpha",
      "alpha",
      "alpha",
      "alpha",
      "alpha",
      "alpha",
      "null"
    ],
    "checks": [

    ]
  }
]
normalize   'NormalizerNFKC("unify_alphabet_diacritical_mark", true)'   "ǍǎǞǟǠǡǺǻ"   WITH_TYPES
[
  [
    0,
    0.0,
    0.0
  ],
  {
    "normalized": "aaaaaaaa",
    "types": [
      "alpha",
      "alpha",
      "alpha",
      "alpha",
      "alpha",
      "alpha",
      "alpha",
      "alpha",
      "null"
    ],
    "checks": [

    ]
  }
]
normalize   'NormalizerNFKC("unify_alphabet_diacritical_mark", true)'   "ȀȁȂȃȦȧ"   WITH_TYPES
[
  [
    0,
    0.0,
    0.0
  ],
  {
    "normalized": "aaaaaa",
    "types": [
      "alpha",
      "alpha",
      "alpha",
      "alpha",
      "alpha",
      "alpha",
      "null"
    ],
    "checks": [

    ]
  }
]
normalize   'NormalizerNFKC("unify_alphabet_diacritical_mark", true)'   "ḀḁẠạẢảẤấẦầẨẩẪẫẬậẮắẰằẲẳẴẵẶặÅ"   WITH_TYPES
[
  [
    0,
    0.0,
    0.0
  ],
  {
    "normalized": "aaaaaaaaaaaaaaaaaaaaaaaaaaa",
    "types": [
      "alpha",
      "alpha",
      "alpha",
      "alpha",
      "alpha",
      "alpha",
      "alpha",
      "alpha",
      "alpha",
      "alpha",
      "alpha",
      "alpha",
      "alpha",
      "alpha",
      "alpha",
      "alpha",
      "alpha",
      "alpha",
      "alpha",
      "alpha",
      "alpha",
      "alpha",
      "alpha",
      "alpha",
      "alpha",
      "alpha",
      "alpha",
      "null"
    ],
    "checks": [

    ]
  }
]
