table_create Memos TABLE_HASH_KEY ShortText
[[0,0.0,0.0],true]
table_create Terms TABLE_PAT_KEY ShortText   --default_tokenizer TokenBigram   --normalizer NormalizerAuto
[[0,0.0,0.0],true]
column_create Terms memos_key COLUMN_INDEX|WITH_POSITION Memos _key
[[0,0.0,0.0],true]
table_create Synonyms TABLE_PAT_KEY ShortText --normalizer NormalizerAuto
[[0,0.0,0.0],true]
column_create Synonyms words COLUMN_VECTOR ShortText
[[0,0.0,0.0],true]
load --table Memos
[
{"_key": "Groonga is fast!"},
{"_key": "Mroonga is fast!"},
{"_key": "Groonga sticker!"},
{"_key": "Rroonga is fast!"},
{"_key": "Ruby is good!"},
{"_key": "Ruby and Groonga combination is good!"}
]
[[0,0.0,0.0],6]
load --table Synonyms
[
["_key", "words"],
["Rroonga", ["Rroonga", "Ruby Groonga"]]
]
[[0,0.0,0.0],1]
select Memos   --slices[rroonga].match_columns '_key'   --slices[rroonga].query 'Rroonga'   --slices[rroonga].query_expander Synonyms.words
[
  [
    0,
    0.0,
    0.0
  ],
  [
    [
      [
        6
      ],
      [
        [
          "_id",
          "UInt32"
        ],
        [
          "_key",
          "ShortText"
        ]
      ],
      [
        1,
        "Groonga is fast!"
      ],
      [
        2,
        "Mroonga is fast!"
      ],
      [
        3,
        "Groonga sticker!"
      ],
      [
        4,
        "Rroonga is fast!"
      ],
      [
        5,
        "Ruby is good!"
      ],
      [
        6,
        "Ruby and Groonga combination is good!"
      ]
    ],
    {
      "rroonga": [
        [
          2
        ],
        [
          [
            "_id",
            "UInt32"
          ],
          [
            "_key",
            "ShortText"
          ]
        ],
        [
          4,
          "Rroonga is fast!"
        ],
        [
          6,
          "Ruby and Groonga combination is good!"
        ]
      ]
    }
  ]
]
