normalize   'NormalizerNFKC("unify_iteration_mark", true,                   "version", "NFKC_VERSION")'   "たゞだゞちゞぢゞつゞづゞてゞでゞとゞどゞ"   WITH_TYPES
[
  [
    0,
    0.0,
    0.0
  ],
  {
    "normalized": "ただだだちぢぢぢつづづづてでででとどどど",
    "types": [
      "hiragana",
      "hiragana",
      "hiragana",
      "hiragana",
      "hiragana",
      "hiragana",
      "hiragana",
      "hiragana",
      "hiragana",
      "hiragana",
      "hiragana",
      "hiragana",
      "hiragana",
      "hiragana",
      "hiragana",
      "hiragana",
      "hiragana",
      "hiragana",
      "hiragana",
      "hiragana",
      "null"
    ],
    "checks": []
  }
]
