table_create Tags TABLE_HASH_KEY ShortText
[[0,0.0,0.0],true]
table_create Users TABLE_HASH_KEY ShortText
[[0,0.0,0.0],true]
column_create Users name COLUMN_SCALAR ShortText
[[0,0.0,0.0],true]
column_create Users cards COLUMN_VECTOR UInt8
[[0,0.0,0.0],true]
column_create Users tags COLUMN_VECTOR Tags
[[0,0.0,0.0],true]
column_create Tags usrs_tags COLUMN_INDEX Users tags
[[0,0.0,0.0],true]
load --table Users
[
["_key", "name", "cards", "tags"],
["alice", "Alice", [1, "GARBAGE", 3], ["girl", "wonder"]]
]
[[0,0.0,0.0],1]
#|e| <Users.cards>: failed to cast to <UInt8>: <"GARBAGE">
select Users
[
  [
    0,
    0.0,
    0.0
  ],
  [
    [
      [
        1
      ],
      [
        [
          "_id",
          "UInt32"
        ],
        [
          "_key",
          "ShortText"
        ],
        [
          "cards",
          "UInt8"
        ],
        [
          "name",
          "ShortText"
        ],
        [
          "tags",
          "Tags"
        ]
      ],
      [
        1,
        "alice",
        [
          1,
          3
        ],
        "Alice",
        [
          "girl",
          "wonder"
        ]
      ]
    ]
  ]
]
