table_create Tags TABLE_PAT_KEY ShortText
[[0,0.0,0.0],true]
table_create Items TABLE_HASH_KEY ShortText
[[0,0.0,0.0],true]
column_create Items tag COLUMN_SCALAR Tags
[[0,0.0,0.0],true]
load --table Items
[
{"_key": "Mroonga", "tag": "MySQL"},
{"_key": "PGroonga", "tag": "PostgreSQL"}
]
[[0,0.0,0.0],2]
select Items   --drilldowns[tag].keys tag   --drilldowns[tag].sort_keys -_sum
[
  [
    0,
    0.0,
    0.0
  ],
  [
    [
      [
        2
      ],
      [
        [
          "_id",
          "UInt32"
        ],
        [
          "_key",
          "ShortText"
        ],
        [
          "tag",
          "Tags"
        ]
      ],
      [
        1,
        "Mroonga",
        "MySQL"
      ],
      [
        2,
        "PGroonga",
        "PostgreSQL"
      ]
    ],
    {
    }
  ]
]
#|w| [table-sort-key][string] ignore invalid sort key: <_sum>: table:<(anonymous)> keys:<-_sum>
