table_create Users TABLE_PAT_KEY ShortText
[[0,0.0,0.0],true]
column_create Users birthday COLUMN_SCALAR Time
[[0,0.0,0.0],true]
table_create Files TABLE_PAT_KEY ShortText
[[0,0.0,0.0],true]
column_create Files author COLUMN_SCALAR Users
[[0,0.0,0.0],true]
table_create Packages TABLE_PAT_KEY ShortText
[[0,0.0,0.0],true]
column_create Packages files COLUMN_VECTOR Files
[[0,0.0,0.0],true]
column_create Users files_author_index COLUMN_INDEX Files author
[[0,0.0,0.0],true]
object_set_visibility --name Users.files_author_index --visible no
[[0,0.0,0.0],{"old":true,"new":false}]
column_create Files packages_files_index COLUMN_INDEX Packages files
[[0,0.0,0.0],true]
table_create Birthdays TABLE_PAT_KEY Time
[[0,0.0,0.0],true]
column_create Birthdays users_birthday COLUMN_INDEX Users birthday
[[0,0.0,0.0],true]
load --table Users
[
{"_key": "Alice",  "birthday": "1992-02-09 00:00:00"},
{"_key": "Bob",    "birthday": "1988-01-04 00:00:00"},
{"_key": "Carlos", "birthday": "1982-12-29 00:00:00"}
]
[[0,0.0,0.0],3]
load --table Files
[
{"_key": "include/groonga.h", "author": "Alice"},
{"_key": "src/groonga.c",     "author": "Bob"},
{"_key": "lib/groonga.rb",    "author": "Carlos"},
{"_key": "README.textile",    "author": "Alice"},
{"_key": "ha_mroonga.cc",     "author": "Bob"},
{"_key": "ha_mroonga.hpp",    "author": "Carlos"}
]
[[0,0.0,0.0],6]
load --table Packages
[
{"_key": "groonga", "files": ["include/groonga.h", "src/groonga.c"]},
{"_key": "rroonga", "files": ["lib/groonga.rb", "README.textile"]},
{"_key": "mroonga", "files": ["ha_mroonga.cc", "ha_mroonga.hpp"]}
]
[[0,0.0,0.0],3]
log_level --level info
[[0,0.0,0.0],true]
select Packages   --filter 'sub_filter(files.author, "birthday >= \\"1988-01-04 00:00:00\\" && birthday < \\"1992-02-09 00:00:00\\"")'   --output_columns '_key, files, files.author.birthday'   --sort_keys _key
[
  [
    0,
    0.0,
    0.0
  ],
  [
    [
      [
        2
      ],
      [
        [
          "_key",
          "ShortText"
        ],
        [
          "files",
          "Files"
        ],
        [
          "files.author.birthday",
          "Time"
        ]
      ],
      [
        "groonga",
        [
          "include/groonga.h",
          "src/groonga.c"
        ],
        [
          697561200.0,
          568220400.0
        ]
      ],
      [
        "mroonga",
        [
          "ha_mroonga.cc",
          "ha_mroonga.hpp"
        ],
        [
          568220400.0,
          409935600.0
        ]
      ]
    ]
  ]
]
#|i| [table-selector][select][index][selector][no-index][sub_filter] <Packages>
#|i| [table-selector][select][index][range] <Birthdays.users_birthday>
#|i| [table-selector][select][index][range] <Birthdays.users_birthday>
#|i| [accessor][resolve][data-column][column] <Files.author> -> <Users>
#|i| [accessor][resolve][data-column][index] <Files.packages_files_index>
log_level --level notice
[[0,0.0,0.0],true]
