normalize   'NormalizerNFKC("remove_blank", true,                   "report_source_offset", true)'   "This is a pen."   WITH_CHECKS|WITH_TYPES
[
  [
    0,
    0.0,
    0.0
  ],
  {
    "normalized": "thisisapen.",
    "types": [
      "alpha",
      "alpha",
      "alpha",
      "alpha|blank",
      "alpha",
      "alpha|blank",
      "alpha|blank",
      "alpha",
      "alpha",
      "alpha",
      "symbol",
      "null"
    ],
    "checks": [
      1,
      1,
      1,
      1,
      2,
      1,
      2,
      2,
      1,
      1,
      1
    ],
    "offsets": [
      0,
      1,
      2,
      3,
      5,
      6,
      8,
      10,
      11,
      12,
      13,
      14
    ]
  }
]
