normalize   'NormalizerNFKC("unify_katakana_di_sound", true,                   "report_source_offset", true)'   "ヂ"   WITH_CHECKS|WITH_TYPES
[
  [
    0,
    0.0,
    0.0
  ],
  {
    "normalized": "ジ",
    "types": [
      "katakana",
      "null"
    ],
    "checks": [
      3,
      0,
      0
    ],
    "offsets": [
      0,
      3
    ]
  }
]
