table_create Tags TABLE_PAT_KEY ShortText
[[0,0.0,0.0],true]
table_create Memos TABLE_HASH_KEY ShortText
[[0,0.0,0.0],true]
column_create Memos tags COLUMN_VECTOR ShortText
[[0,0.0,0.0],true]
column_create Tags memos_tags COLUMN_INDEX Memos tags
[[0,0.0,0.0],true]
load --table Memos
[
{"_key": "Groonga is fast",          "tags": ["groonga", "full text search"]},
{"_key": "Mroonga is fast",          "tags": ["mroonga", "mysql"]},
{"_key": "Rroonga is fast",          "tags": ["rroonga", "ruby"]},
{"_key": "Droonga is fast",          "tags": ["droonga", "ruby"]},
{"_key": "Groonga is a HTTP server", "tags": ["groonga", "http"]}
]
[[0,0.0,0.0],5]
select Memos   --output_columns _key,tags   --filter 'in_values(tags, "groonga", "mroonga", "droonga")'   --sortby _id
[
  [
    0,
    0.0,
    0.0
  ],
  [
    [
      [
        4
      ],
      [
        [
          "_key",
          "ShortText"
        ],
        [
          "tags",
          "ShortText"
        ]
      ],
      [
        "Groonga is fast",
        [
          "groonga",
          "full text search"
        ]
      ],
      [
        "Mroonga is fast",
        [
          "mroonga",
          "mysql"
        ]
      ],
      [
        "Droonga is fast",
        [
          "droonga",
          "ruby"
        ]
      ],
      [
        "Groonga is a HTTP server",
        [
          "groonga",
          "http"
        ]
      ]
    ]
  ]
]
