table_create Users TABLE_HASH_KEY ShortText
[[0,0.0,0.0],true]
column_create Users name COLUMN_SCALAR ShortText
[[0,0.0,0.0],true]
table_create Names TABLE_PAT_KEY ShortText
[[0,0.0,0.0],true]
column_create Names users_name COLUMN_INDEX Users name
[[0,0.0,0.0],true]
load --table Users
[
{"_key": "user00", "name": "user00"},
{"_key": "user01", "name": "user01"},
{"_key": "user02", "name": "user02"},
{"_key": "user03", "name": "user03"},
{"_key": "user04", "name": "user04"},
{"_key": "user05", "name": "user05"},
{"_key": "user06", "name": "user06"},
{"_key": "user07", "name": "user07"},
{"_key": "user08", "name": "user08"},
{"_key": "user09", "name": "user09"},
{"_key": "user10", "name": "user10"},
{"_key": "user11", "name": "user11"},
{"_key": "user12", "name": "user12"},
{"_key": "user13", "name": "user13"},
{"_key": "user14", "name": "user14"},
{"_key": "user15", "name": "user15"},
{"_key": "user16", "name": "user16"},
{"_key": "user17", "name": "user17"},
{"_key": "user18", "name": "user18"},
{"_key": "user19", "name": "user19"},
{"_key": "user20", "name": "user20"},
{"_key": "user21", "name": "user21"},
{"_key": "user22", "name": "user22"},
{"_key": "user23", "name": "user23"},
{"_key": "user24", "name": "user24"},
{"_key": "user25", "name": "user25"},
{"_key": "user26", "name": "user26"},
{"_key": "user27", "name": "user27"},
{"_key": "user28", "name": "user28"},
{"_key": "user29", "name": "user29"},
{"_key": "user30", "name": "user30"},
{"_key": "user31", "name": "user31"},
{"_key": "user32", "name": "user32"},
{"_key": "user33", "name": "user33"},
{"_key": "user34", "name": "user34"},
{"_key": "user35", "name": "user35"},
{"_key": "user36", "name": "user36"},
{"_key": "user37", "name": "user37"},
{"_key": "user38", "name": "user38"},
{"_key": "user39", "name": "user39"},
{"_key": "user40", "name": "user40"},
{"_key": "user41", "name": "user41"},
{"_key": "user42", "name": "user42"},
{"_key": "user43", "name": "user43"},
{"_key": "user44", "name": "user44"},
{"_key": "user45", "name": "user45"},
{"_key": "user46", "name": "user46"},
{"_key": "user47", "name": "user47"},
{"_key": "user48", "name": "user48"},
{"_key": "user49", "name": "user49"},
{"_key": "user50", "name": "user50"},
{"_key": "user51", "name": "user51"},
{"_key": "user52", "name": "user52"},
{"_key": "user53", "name": "user53"},
{"_key": "user54", "name": "user54"},
{"_key": "user55", "name": "user55"},
{"_key": "user56", "name": "user56"},
{"_key": "user57", "name": "user57"},
{"_key": "user58", "name": "user58"},
{"_key": "user59", "name": "user59"},
{"_key": "user60", "name": "user60"},
{"_key": "user61", "name": "user61"},
{"_key": "user62", "name": "user62"},
{"_key": "user63", "name": "user63"},
{"_key": "user64", "name": "user64"},
{"_key": "user65", "name": "user65"},
{"_key": "user66", "name": "user66"},
{"_key": "user67", "name": "user67"},
{"_key": "user68", "name": "user68"},
{"_key": "user69", "name": "user69"},
{"_key": "user70", "name": "user70"},
{"_key": "user71", "name": "user71"},
{"_key": "user72", "name": "user72"},
{"_key": "user73", "name": "user73"},
{"_key": "user74", "name": "user74"},
{"_key": "user75", "name": "user75"},
{"_key": "user76", "name": "user76"},
{"_key": "user77", "name": "user77"},
{"_key": "user78", "name": "user78"},
{"_key": "user79", "name": "user79"},
{"_key": "user80", "name": "user80"},
{"_key": "user81", "name": "user81"},
{"_key": "user82", "name": "user82"},
{"_key": "user83", "name": "user83"},
{"_key": "user84", "name": "user84"},
{"_key": "user85", "name": "user85"},
{"_key": "user86", "name": "user86"},
{"_key": "user87", "name": "user87"},
{"_key": "user88", "name": "user88"},
{"_key": "user89", "name": "user89"},
{"_key": "user90", "name": "user90"},
{"_key": "user91", "name": "user91"},
{"_key": "user92", "name": "user92"},
{"_key": "user93", "name": "user93"},
{"_key": "user94", "name": "user94"},
{"_key": "user95", "name": "user95"},
{"_key": "user96", "name": "user96"},
{"_key": "user97", "name": "user97"},
{"_key": "user98", "name": "user98"},
{"_key": "user99", "name": "user99"}
]
[[0,0.0,0.0],100]
log_level --level info
[[0,0.0,0.0],true]
select Users --filter '_key @^ "user0" && name == "user05"'
[
  [
    0,
    0.0,
    0.0
  ],
  [
    [
      [
        1
      ],
      [
        [
          "_id",
          "UInt32"
        ],
        [
          "_key",
          "ShortText"
        ],
        [
          "name",
          "ShortText"
        ]
      ],
      [
        6,
        "user05",
        "user05"
      ]
    ]
  ]
]
#|i| [table-selector][select][index][equal] <Names.users_name>
log_level --level notice
[[0,0.0,0.0],true]
