table_create Memos TABLE_NO_KEY
[[0,0.0,0.0],true]
column_create Memos content COLUMN_SCALAR ShortText
[[0,0.0,0.0],true]
table_create Lexicon TABLE_PAT_KEY ShortText --default_tokenizer TokenBigram
[[0,0.0,0.0],true]
column_create Lexicon diary_content COLUMN_INDEX|WITH_POSITION Memos content
[[0,0.0,0.0],true]
select --table Memos --query_expander Nonexistent.nonexistent   --match_columns content --query rroonga
[
  [
    [
      -22,
      0.0,
      0.0
    ],
    "nonexistent query expansion column: <Nonexistent.nonexistent>"
  ]
]
#|e| nonexistent query expansion column: <Nonexistent.nonexistent>
