plugin_register sharding
[[0,0.0,0.0],true]
table_create Terms TABLE_PAT_KEY ShortText   --default_tokenizer TokenBigramSplitSymbolAlpha   --normalizer NormalizerAuto
[[0,0.0,0.0],true]
table_create Users TABLE_PAT_KEY ShortText
[[0,0.0,0.0],true]
column_create Users name COLUMN_SCALAR ShortText
[[0,0.0,0.0],true]
table_create Logs_20150205 TABLE_NO_KEY
[[0,0.0,0.0],true]
column_create Logs_20150205 timestamp COLUMN_SCALAR Time
[[0,0.0,0.0],true]
column_create Logs_20150205 memo COLUMN_SCALAR ShortText
[[0,0.0,0.0],true]
column_create Logs_20150205 users COLUMN_VECTOR Users
[[0,0.0,0.0],true]
table_create Timestamp_20150205 TABLE_PAT_KEY Time
[[0,0.0,0.0],true]
column_create Timestamp_20150205 index COLUMN_INDEX Logs_20150205 timestamp
[[0,0.0,0.0],true]
column_create Users index_20150205 COLUMN_INDEX Logs_20150205 users
[[0,0.0,0.0],true]
column_create Terms users_name COLUMN_INDEX|WITH_SECTION   Users name
[[0,0.0,0.0],true]
load --table Users
[
{"_key": "alice",  "name": "Alice"},
{"_key": "bob",    "name": "Bob"},
{"_key": "carlos", "name": "Carlos"},
{"_key": "david",  "name": "David"}
]
[[0,0.0,0.0],4]
load --table Logs_20150205
[
{
  "timestamp": "2015-02-05 13:49:00",
       "memo": "2015-02-05 13:49:00",
      "users": ["alice", "bob", "carlos"]
},
{
  "timestamp": "2015-02-05 13:50:00",
       "memo": "2015-02-05 13:50:00",
      "users": ["bob", "carlos", "david"]
},
{
  "timestamp": "2015-02-05 13:51:00",
       "memo": "2015-02-05 13:51:00",
      "users": ["bob", "carlos", "david"]
},
{
  "timestamp": "2015-02-05 13:52:00",
       "memo": "2015-02-05 13:52:00",
      "users": ["carlos", "david", "alice"]
}
]
[[0,0.0,0.0],4]
log_level --level dump
[[0,0.0,0.0],true]
logical_range_filter Logs timestamp   --limit -1   --filter 'users.name @ "ce"'
[
  [
    0,
    0.0,
    0.0
  ],
  [
    [
      [
        "memo",
        "ShortText"
      ],
      [
        "timestamp",
        "Time"
      ],
      [
        "users",
        "Users"
      ]
    ],
    [
      "2015-02-05 13:49:00",
      1423111740.0,
      [
        "alice",
        "bob",
        "carlos"
      ]
    ],
    [
      "2015-02-05 13:52:00",
      1423111920.0,
      [
        "carlos",
        "david",
        "alice"
      ]
    ]
  ]
]
#|-| [obj][open] <266>(<Logs_20150205.timestamp>):<64>(<column:fix_size>)
#|-| [obj][open] <265>(<Logs_20150205>):<51>(<table:no_key>)
#|-| [obj][open] <269>(<Timestamp_20150205>):<49>(<table:pat_key>)
#|-| [obj][open] <270>(<Timestamp_20150205.index>):<72>(<column:index>)
#|d| [logical_range_filter][select] <Logs_20150205>: limit is negative: <-1>
#|-| [obj][open] <268>(<Logs_20150205.users>):<65>(<column:var_size>)
#|-| [obj][open] <263>(<Users>):<49>(<table:pat_key>)
#|-| [obj][open] <264>(<Users.name>):<65>(<column:var_size>)
#|-| [obj][close] <263>(<Users>):<49>(<table:pat_key>)
#|-| [obj][open] <263>(<Users>):<49>(<table:pat_key>)
#|-| [obj][open] <271>(<Users.index_20150205>):<72>(<column:index>)
#|-| [obj][open] <262>(<Terms>):<49>(<table:pat_key>)
#|-| [obj][open] <272>(<Terms.users_name>):<72>(<column:index>)
#|-| [obj][close] <271>(<Users.index_20150205>):<72>(<column:index>)
#|-| [obj][close] <263>(<Users>):<49>(<table:pat_key>)
#|-| [obj][close] <272>(<Terms.users_name>):<72>(<column:index>)
#|-| [obj][close] <262>(<Terms>):<49>(<table:pat_key>)
#|-| [obj][open] <262>(<Terms>):<49>(<table:pat_key>)
#|-| [obj][open] <272>(<Terms.users_name>):<72>(<column:index>)
#|-| [obj][open] <263>(<Users>):<49>(<table:pat_key>)
#|-| [obj][open] <271>(<Users.index_20150205>):<72>(<column:index>)
#|-| [obj][close] <271>(<Users.index_20150205>):<72>(<column:index>)
#|-| [obj][close] <272>(<Terms.users_name>):<72>(<column:index>)
#|-| [obj][close] <262>(<Terms>):<49>(<table:pat_key>)
#|-| [obj][close] <268>(<Logs_20150205.users>):<65>(<column:var_size>)
#|-| [obj][close] <264>(<Users.name>):<65>(<column:var_size>)
#|-| [obj][open] <267>(<Logs_20150205.memo>):<65>(<column:var_size>)
#|-| [obj][open] <268>(<Logs_20150205.users>):<65>(<column:var_size>)
#|-| [obj][close] <267>(<Logs_20150205.memo>):<65>(<column:var_size>)
#|-| [obj][close] <268>(<Logs_20150205.users>):<65>(<column:var_size>)
#|-| [obj][open] <267>(<Logs_20150205.memo>):<65>(<column:var_size>)
#|-| [obj][open] <268>(<Logs_20150205.users>):<65>(<column:var_size>)
#|-| [obj][close] <267>(<Logs_20150205.memo>):<65>(<column:var_size>)
#|-| [obj][close] <268>(<Logs_20150205.users>):<65>(<column:var_size>)
#|-| [obj][close] <270>(<Timestamp_20150205.index>):<72>(<column:index>)
#|-| [obj][close] <269>(<Timestamp_20150205>):<49>(<table:pat_key>)
#|-| [obj][close] <265>(<Logs_20150205>):<51>(<table:no_key>)
#|-| [obj][close] <266>(<Logs_20150205.timestamp>):<64>(<column:fix_size>)
#>logical_range_filter --filter "users.name @ \"ce\"" --limit "-1" --logical_table "Logs" --shard_key "timestamp"
#:000000000000000 filter(2): #<accessor users(Logs_20150205).name(Users)> match "ce"
#:000000000000000 sort(2)[Logs_20150205]: timestamp
#:000000000000000 output(2)
#:000000000000000 send(0)
#<000000000000000 rc=0
log_level --level notice
[[0,0.0,0.0],true]
