table_create Data TABLE_PAT_KEY|KEY_WITH_SIS ShortText
[[0,0.0,0.0],true]
select Data
[
  [
    0,
    0.0,
    0.0
  ],
  [
    [
      [
        260
      ],
      [
        [
          "_id",
          "UInt32"
        ],
        [
          "_key",
          "ShortText"
        ]
      ],
      [
        10,
        "ぃ"
      ],
      [
        9,
        "ぃぃ"
      ],
      [
        8,
        "ぃぃぃ"
      ],
      [
        7,
        "ぃぃぃぃ"
      ],
      [
        6,
        "ぃぃぃぃぃ"
      ],
      [
        5,
        "ぃぃぃぃぃぃ"
      ],
      [
        4,
        "ぃぃぃぃぃぃぃ"
      ],
      [
        3,
        "ぃぃぃぃぃぃぃぃ"
      ],
      [
        2,
        "ぃぃぃぃぃぃぃぃぃ"
      ],
      [
        1,
        "ぃぃぃぃぃぃぃぃぃぃ"
      ]
    ]
  ]
]
delete Data --filter true
[[0,0.0,0.0],false]
select Data
[[0,0.0,0.0],[[[0],[["_id","UInt32"],["_key","ShortText"]]]]]
load --table Data
[
{"_key": "あいうえおかきくけこ"}
]
[[0,0.0,0.0],1]
select Data
[
  [
    0,
    0.0,
    0.0
  ],
  [
    [
      [
        10
      ],
      [
        [
          "_id",
          "UInt32"
        ],
        [
          "_key",
          "ShortText"
        ]
      ],
      [
        1,
        "あいうえおかきくけこ"
      ],
      [
        5,
        "いうえおかきくけこ"
      ],
      [
        4,
        "うえおかきくけこ"
      ],
      [
        3,
        "えおかきくけこ"
      ],
      [
        2,
        "おかきくけこ"
      ],
      [
        261,
        "かきくけこ"
      ],
      [
        262,
        "きくけこ"
      ],
      [
        263,
        "くけこ"
      ],
      [
        264,
        "けこ"
      ],
      [
        265,
        "こ"
      ]
    ]
  ]
]
check --obj Data
[
  [
    0,
    0.0,
    0.0
  ],
  [
    {
      "flags": "0000C041",
      "key size": 4096,
      "value_size": 0,
      "tokenizer": 0,
      "normalizer": 0,
      "n_entries": 10,
      "curr_rec": 265,
      "curr_key": 780,
      "curr_del": 4,
      "curr_del2": 132,
      "curr_del3": 5,
      "n_garbages": 255
    }
  ]
]
select Data
[
  [
    0,
    0.0,
    0.0
  ],
  [
    [
      [
        260
      ],
      [
        [
          "_id",
          "UInt32"
        ],
        [
          "_key",
          "ShortText"
        ]
      ],
      [
        10,
        "ぃ"
      ],
      [
        9,
        "ぃぃ"
      ],
      [
        8,
        "ぃぃぃ"
      ],
      [
        7,
        "ぃぃぃぃ"
      ],
      [
        6,
        "ぃぃぃぃぃ"
      ],
      [
        5,
        "ぃぃぃぃぃぃ"
      ],
      [
        4,
        "ぃぃぃぃぃぃぃ"
      ],
      [
        3,
        "ぃぃぃぃぃぃぃぃ"
      ],
      [
        2,
        "ぃぃぃぃぃぃぃぃぃ"
      ],
      [
        1,
        "ぃぃぃぃぃぃぃぃぃぃ"
      ]
    ]
  ]
]
wal_recover
[[0,0.0,0.0],true]
select Data
[
  [
    0,
    0.0,
    0.0
  ],
  [
    [
      [
        10
      ],
      [
        [
          "_id",
          "UInt32"
        ],
        [
          "_key",
          "ShortText"
        ]
      ],
      [
        1,
        "あいうえおかきくけこ"
      ],
      [
        5,
        "いうえおかきくけこ"
      ],
      [
        4,
        "うえおかきくけこ"
      ],
      [
        3,
        "えおかきくけこ"
      ],
      [
        2,
        "おかきくけこ"
      ],
      [
        261,
        "かきくけこ"
      ],
      [
        262,
        "きくけこ"
      ],
      [
        263,
        "くけこ"
      ],
      [
        264,
        "けこ"
      ],
      [
        265,
        "こ"
      ]
    ]
  ]
]
check --obj Data
[
  [
    0,
    0.0,
    0.0
  ],
  [
    {
      "flags": "0000C041",
      "key size": 4096,
      "value_size": 0,
      "tokenizer": 0,
      "normalizer": 0,
      "n_entries": 10,
      "curr_rec": 265,
      "curr_key": 780,
      "curr_del": 4,
      "curr_del2": 132,
      "curr_del3": 5,
      "n_garbages": 255
    }
  ]
]
