plugin_register functions/time
[[0,0.0,0.0],true]
table_create Timestamps TABLE_PAT_KEY Time
[[0,0.0,0.0],true]
load --table Timestamps
[
{"_key": 0},
{"_key": "2016-05-06 00:00:00.000001"},
{"_key": "2016-05-06 23:59:59.999999"},
{"_key": "2016-05-07 00:00:00.000000"},
{"_key": "2016-05-07 00:00:00.000001"},
{"_key": "2016-05-08 23:59:59.999999"},
{"_key": "2016-05-08 00:00:00.000000"}
]
[[0,0.0,0.0],7]
select Timestamps   --sortby _id   --limit -1   --output_columns '_key, time_classify_day_of_week(_key)'
[
  [
    0,
    0.0,
    0.0
  ],
  [
    [
      [
        7
      ],
      [
        [
          "_key",
          "Time"
        ],
        [
          "time_classify_day_of_week",
          null
        ]
      ],
      [
        0.0,
        4
      ],
      [
        1462460400.000001,
        5
      ],
      [
        1462546799.999999,
        5
      ],
      [
        1462546800.0,
        6
      ],
      [
        1462546800.000001,
        6
      ],
      [
        1462719599.999999,
        0
      ],
      [
        1462633200.0,
        0
      ]
    ]
  ]
]
